gthr-default.h:229:1:int __gthread_key_delete(__gthread_key_t)	16	static
std_abs.h:56:3:long int std::abs(long int)	16	static
shared_ptr_base.h:302:5:void std::_Sp_counted_base<_Lp>::_M_add_ref_copy() [with __gnu_cxx::_Lock_policy _Lp = (__gnu_cxx::_Lock_policy)0]	16	static
atomic_base.h:80:3:constexpr std::memory_order std::operator&(std::memory_order, std::__memory_order_modifier)	16	static
std_function.h:273:5:std::_Function_base::~_Function_base()	16	static
std_function.h:279:10:bool std::_Function_base::_M_empty() const	16	static
atomic:78:5:bool std::atomic<bool>::operator=(bool)	16	static
fuel_gauge_input.cpp:19:2:app::VoltageDivider::VoltageDivider(uint32_t, int32_t)	24	static
fuel_gauge_input.cpp:23:11:uint32_t app::VoltageDivider::get_resistor_2_value(int32_t) const	16	static
fuel_gauge_input.cpp:29:10:int32_t app::VoltageDivider::get_resistor_2_voltage(uint32_t) const	16	static
fuel_gauge_input.cpp:35:2:app::ParallelVoltageDivider::ParallelVoltageDivider(uint32_t, uint32_t, int32_t)	24	static
fuel_gauge_input.cpp:40:11:uint32_t app::ParallelVoltageDivider::get_resistor_2_value(int32_t) const	24	static
shared_ptr_base.h:1121:7:std::__shared_ptr<_Tp, _Lp>::__shared_ptr(const std::__shared_ptr<_Tp, _Lp>&) [with _Tp = drivers::GenericADC; __gnu_cxx::_Lock_policy _Lp = (__gnu_cxx::_Lock_policy)0]	16	static
shared_ptr.h:119:7:std::shared_ptr<_Tp>::shared_ptr(const std::shared_ptr<_Tp>&) [with _Tp = drivers::GenericADC]	16	static
shared_ptr_base.h:1121:7:std::__shared_ptr<_Tp, _Lp>::__shared_ptr(const std::__shared_ptr<_Tp, _Lp>&) [with _Tp = app::CharacteristicCurve<long int, long int>; __gnu_cxx::_Lock_policy _Lp = (__gnu_cxx::_Lock_policy)0]	16	static
shared_ptr.h:119:7:std::shared_ptr<_Tp>::shared_ptr(const std::shared_ptr<_Tp>&) [with _Tp = app::CharacteristicCurve<long int, long int>]	16	static
fuel_gauge_input.cpp:48:2:app::FuelGaugeInputFromADC::FuelGaugeInputFromADC(std::shared_ptr<drivers::GenericADC>, std::shared_ptr<app::CharacteristicCurve<long int, long int> >)	104	static
chrono:325:23:constexpr std::chrono::duration<_Rep, _Period>::duration(const _Rep2&) [with _Rep2 = int; <template-parameter-2-2> = void; _Rep = long long int; _Period = std::ratio<1, 1000>]	16	static
fuel_gauge_input.cpp:63:7:void app::FuelGaugeInputFromADC::thread_main()	72	static
fuel_gauge_input.cpp:135:10:int32_t app::FuelGaugeInputFromADC::get_average_fuel_percentage() const	40	static
shared_ptr_base.h:130:7:void std::_Sp_counted_base<_Lp>::_M_destroy() [with __gnu_cxx::_Lock_policy _Lp = (__gnu_cxx::_Lock_policy)0]	16	static
atomic_base.h:265:7:std::__atomic_base<_IntTp>::__int_type std::__atomic_base<_IntTp>::operator=(std::__atomic_base<_IntTp>::__int_type) [with _ITp = bool]	24	static
event_handler.h:31:13:boost::signals2::signal<T>::signal() [with T = long int]	24	static
shared_ptr_base.h:687:7:std::__shared_count<_Lp>::__shared_count(const std::__shared_count<_Lp>&) [with __gnu_cxx::_Lock_policy _Lp = (__gnu_cxx::_Lock_policy)0]	16	static
move.h:73:5:constexpr _Tp&& std::forward(typename std::remove_reference<_From>::type&) [with _Tp = void (app::FuelGaugeInputFromADC::*)()]	16	static
move.h:73:5:constexpr _Tp&& std::forward(typename std::remove_reference<_From>::type&) [with _Tp = app::FuelGaugeInputFromADC*]	16	static
functional:875:5:) [with _Func = void (app::FuelGaugeInputFromADC::*)(); _BoundArgs = {app::FuelGaugeInputFromADC*}]	32	static
move.h:98:5:constexpr typename std::remove_reference< <template-parameter-1-1> >::type&& std::move(_Tp&&) [with _Tp = std::tuple<app::FuelGaugeInputFromADC*>&]	16	static
tuple:662:17:constexpr std::tuple<_Elements>::tuple(std::tuple<_Elements>&&) [with _Elements = {app::FuelGaugeInputFromADC*}]	16	static
functional:539:7:)>&&) [with _Functor = void (app::FuelGaugeInputFromADC::*)(); _Bound_args = {app::FuelGaugeInputFromADC*}]	24	static
move.h:73:5:constexpr _Tp&& std::forward(typename std::remove_reference<_From>::type&) [with _Tp = std::_Bind<void (app::FuelGaugeInputFromADC::*(app::FuelGaugeInputFromADC*))()>&]	16	static
move.h:73:5:constexpr _Tp&& std::forward(typename std::remove_reference<_From>::type&) [with _Tp = std::_Bind<void (app::FuelGaugeInputFromADC::*(app::FuelGaugeInputFromADC*))()>]	16	static
invoke.h:89:5:) [with _Callable = std::_Bind<void (app::FuelGaugeInputFromADC::*(app::FuelGaugeInputFromADC*))()>; _Args = {}]	32	static
move.h:98:5:constexpr typename std::remove_reference< <template-parameter-1-1> >::type&& std::move(_Tp&&) [with _Tp = std_ex::thread::_State*&]	16	static
ex_thread.hpp:141:8:) [with _Callable = std::_Bind<void (app::FuelGaugeInputFromADC::*(app::FuelGaugeInputFromADC*))()>&; _Args = {}]	32	static
shared_ptr_base.h:966:7:std::__shared_ptr_access<_Tp, _Lp, <anonymous>, <anonymous> >::element_type* std::__shared_ptr_access<_Tp, _Lp, <anonymous>, <anonymous> >::operator->() const [with _Tp = drivers::GenericADC; __gnu_cxx::_Lock_policy _Lp = (__gnu_cxx::_Lock_policy)0; bool <anonymous> = false; bool <anonymous> = false]	16	static
shared_ptr.h:393:5:bool std::operator!=(std::nullptr_t, const std::shared_ptr<_Tp>&) [with _Tp = app::CharacteristicCurve<long int, long int>]	16	static
shared_ptr_base.h:966:7:std::__shared_ptr_access<_Tp, _Lp, <anonymous>, <anonymous> >::element_type* std::__shared_ptr_access<_Tp, _Lp, <anonymous>, <anonymous> >::operator->() const [with _Tp = app::CharacteristicCurve<long int, long int>; __gnu_cxx::_Lock_policy _Lp = (__gnu_cxx::_Lock_policy)0; bool <anonymous> = false; bool <anonymous> = false]	16	static
stl_algobase.h:195:5:constexpr const _Tp& std::min(const _Tp&, const _Tp&) [with _Tp = long int]	16	static
stl_algobase.h:219:5:constexpr const _Tp& std::max(const _Tp&, const _Tp&) [with _Tp = long int]	16	static
lookup_table.hpp:69:6:Tx app::CharacteristicCurve<Tx, Ty>::get_x(Ty) const [with Tx = long int; Ty = long int]	48	static
event_handler.h:44:18:void boost::signals2::signal<T>::operator()(const T&) const [with T = long int]	24	static
shared_ptr_base.h:120:7:std::_Sp_counted_base<_Lp>::~_Sp_counted_base() [with __gnu_cxx::_Lock_policy _Lp = (__gnu_cxx::_Lock_policy)0]	16	static
shared_ptr_base.h:120:7:std::_Sp_counted_base<_Lp>::~_Sp_counted_base() [with __gnu_cxx::_Lock_policy _Lp = (__gnu_cxx::_Lock_policy)0]	16	static
stl_vector.h:259:7:std::vector<_Tp, _Alloc>::vector() [with _Tp = std::function<void(long int)>; _Alloc = std::allocator<std::function<void(long int)> >]	16	static
shared_ptr.h:129:2:std::shared_ptr<_Tp>::shared_ptr(_Yp*) [with _Yp = std::vector<std::function<void(long int)>, std::allocator<std::function<void(long int)> > >; <template-parameter-2-2> = void; _Tp = std::vector<std::function<void(long int)>, std::allocator<std::function<void(long int)> > >]	16	static
functional:533:11:) [with _Args = {app::FuelGaugeInputFromADC*}; _Functor = void (app::FuelGaugeInputFromADC::*)(); _Bound_args = {app::FuelGaugeInputFromADC*}]	32	static
move.h:98:5:constexpr typename std::remove_reference< <template-parameter-1-1> >::type&& std::move(_Tp&&) [with _Tp = void (app::FuelGaugeInputFromADC::*&)()]	16	static
tuple:351:7:static constexpr _Head& std::_Tuple_impl<_Idx, _Head>::_M_head(std::_Tuple_impl<_Idx, _Head>&) [with unsigned int _Idx = 0; _Head = app::FuelGaugeInputFromADC*]	16	static
tuple:160:7:static constexpr _Head& std::_Head_base<_Idx, _Head, false>::_M_head(std::_Head_base<_Idx, _Head, false>&) [with unsigned int _Idx = 0; _Head = app::FuelGaugeInputFromADC*]	16	static
tuple:371:7:constexpr std::_Tuple_impl<_Idx, _Head>::_Tuple_impl(std::_Tuple_impl<_Idx, _Head>&&) [with unsigned int _Idx = 0; _Head = app::FuelGaugeInputFromADC*]	24	static
tuple:662:17:constexpr std::tuple<_Elements>::tuple(std::tuple<_Elements>&&) [with _Elements = {std::_Bind<void (app::FuelGaugeInputFromADC::*(app::FuelGaugeInputFromADC*))()>}]	16	static
tuple:646:19: (_Elements) >= 1)), bool>::type <anonymous> = 1; _Elements = {std::_Bind<void (app::FuelGaugeInputFromADC::*(app::FuelGaugeInputFromADC*))()>}]	24	static
tuple:365:19:constexpr std::_Tuple_impl<_Idx, _Head>::_Tuple_impl(_UHead&&) [with _UHead = std::_Bind<void (app::FuelGaugeInputFromADC::*(app::FuelGaugeInputFromADC*))()>&; unsigned int _Idx = 0; _Head = std::_Bind<void (app::FuelGaugeInputFromADC::*(app::FuelGaugeInputFromADC*))()>]	24	static
tuple:132:19:constexpr std::_Head_base<_Idx, _Head, false>::_Head_base(_UHead&&) [with _UHead = std::_Bind<void (app::FuelGaugeInputFromADC::*(app::FuelGaugeInputFromADC*))()>&; unsigned int _Idx = 0; _Head = std::_Bind<void (app::FuelGaugeInputFromADC::*(app::FuelGaugeInputFromADC*))()>]	16	static
ex_thread.hpp:117:9:) [with _Callable = std::_Bind<void (app::FuelGaugeInputFromADC::*(app::FuelGaugeInputFromADC*))()>&; _Args = {}]	24	static
invoke.h:59:5:) [with _Res = void; _Fn = std::_Bind<void (app::FuelGaugeInputFromADC::*(app::FuelGaugeInputFromADC*))()>; _Args = {}]	16	static
move.h:73:5:constexpr _Tp&& std::forward(typename std::remove_reference<_From>::type&) [with _Tp = std_ex::thread::_Invoker<std::tuple<std::_Bind<void (app::FuelGaugeInputFromADC::*(app::FuelGaugeInputFromADC*))()> > >]	16	static
ex_thread.hpp:210:21:static std_ex::thread::_State* std_ex::thread::_S_make_state(_Callable&&) [with _Callable = std_ex::thread::_Invoker<std::tuple<std::_Bind<void (app::FuelGaugeInputFromADC::*(app::FuelGaugeInputFromADC*))()> > >]	24	static
shared_ptr_base.h:974:7:std::__shared_ptr_access<_Tp, _Lp, <anonymous>, <anonymous> >::element_type* std::__shared_ptr_access<_Tp, _Lp, <anonymous>, <anonymous> >::_M_get() const [with _Tp = drivers::GenericADC; __gnu_cxx::_Lock_policy _Lp = (__gnu_cxx::_Lock_policy)0; bool <anonymous> = false; bool <anonymous> = false]	16	static
shared_ptr_base.h:1260:16:std::__shared_ptr<_Tp, _Lp>::operator bool() const [with _Tp = app::CharacteristicCurve<long int, long int>; __gnu_cxx::_Lock_policy _Lp = (__gnu_cxx::_Lock_policy)0]	16	static
shared_ptr_base.h:974:7:std::__shared_ptr_access<_Tp, _Lp, <anonymous>, <anonymous> >::element_type* std::__shared_ptr_access<_Tp, _Lp, <anonymous>, <anonymous> >::_M_get() const [with _Tp = app::CharacteristicCurve<long int, long int>; __gnu_cxx::_Lock_policy _Lp = (__gnu_cxx::_Lock_policy)0; bool <anonymous> = false; bool <anonymous> = false]	16	static
utility:224:5:constexpr typename std::tuple_element<_Int, std::pair<_Tp1, _Tp2> >::type& std::get(std::pair<_Tp1, _Tp2>&) [with unsigned int _Int = 1; _Tp1 = long int; _Tp2 = long int]	16	static
utility:224:5:constexpr typename std::tuple_element<_Int, std::pair<_Tp1, _Tp2> >::type& std::get(std::pair<_Tp1, _Tp2>&) [with unsigned int _Int = 0; _Tp1 = long int; _Tp2 = long int]	16	static
shared_ptr_base.h:966:7:std::__shared_ptr_access<_Tp, _Lp, <anonymous>, <anonymous> >::element_type* std::__shared_ptr_access<_Tp, _Lp, <anonymous>, <anonymous> >::operator->() const [with _Tp = std::vector<std::function<void(long int)>, std::allocator<std::function<void(long int)> > >; __gnu_cxx::_Lock_policy _Lp = (__gnu_cxx::_Lock_policy)0; bool <anonymous> = false; bool <anonymous> = false]	16	static
stl_vector.h:563:7:std::vector<_Tp, _Alloc>::iterator std::vector<_Tp, _Alloc>::begin() [with _Tp = std::function<void(long int)>; _Alloc = std::allocator<std::function<void(long int)> >]	24	static
stl_vector.h:581:7:std::vector<_Tp, _Alloc>::iterator std::vector<_Tp, _Alloc>::end() [with _Tp = std::function<void(long int)>; _Alloc = std::allocator<std::function<void(long int)> >]	24	static
stl_iterator.h:880:5:bool __gnu_cxx::operator!=(const __gnu_cxx::__normal_iterator<_Iterator, _Container>&, const __gnu_cxx::__normal_iterator<_Iterator, _Container>&) [with _Iterator = std::function<void(long int)>*; _Container = std::vector<std::function<void(long int)>, std::allocator<std::function<void(long int)> > >]	24	static
stl_iterator.h:800:7:__gnu_cxx::__normal_iterator<_Iterator, _Container>& __gnu_cxx::__normal_iterator<_Iterator, _Container>::operator++() [with _Iterator = std::function<void(long int)>*; _Container = std::vector<std::function<void(long int)>, std::allocator<std::function<void(long int)> > >]	16	static
stl_iterator.h:792:7:__gnu_cxx::__normal_iterator<_Iterator, _Container>::reference __gnu_cxx::__normal_iterator<_Iterator, _Container>::operator*() const [with _Iterator = std::function<void(long int)>*; _Container = std::vector<std::function<void(long int)>, std::allocator<std::function<void(long int)> > >]	16	static
std_function.h:701:5:) const [with _Res = void; _ArgTypes = {long int}]	24	static
stl_vector.h:81:14:std::_Vector_base<std::function<void(long int)>, std::allocator<std::function<void(long int)> > >::_Vector_impl::~_Vector_impl()	16	static
stl_vector.h:126:7:std::_Vector_base<_Tp, _Alloc>::_Vector_base() [with _Tp = std::function<void(long int)>; _Alloc = std::allocator<std::function<void(long int)> >]	16	static
stl_vector.h:161:7:std::_Vector_base<_Tp, _Alloc>::~_Vector_base() [with _Tp = std::function<void(long int)>; _Alloc = std::allocator<std::function<void(long int)> >]	16	static
shared_ptr_base.h:1078:2:std::__shared_ptr<_Tp, _Lp>::__shared_ptr(_Yp*) [with _Yp = std::vector<std::function<void(long int)>, std::allocator<std::function<void(long int)> > >; <template-parameter-2-2> = void; _Tp = std::vector<std::function<void(long int)>, std::allocator<std::function<void(long int)> > >; __gnu_cxx::_Lock_policy _Lp = (__gnu_cxx::_Lock_policy)0]	32	static
tuple:646:19: (_Elements) >= 1)), bool>::type <anonymous> = 1; _Elements = {app::FuelGaugeInputFromADC*}]	24	static
tuple:132:19:constexpr std::_Head_base<_Idx, _Head, false>::_Head_base(_UHead&&) [with _UHead = app::FuelGaugeInputFromADC*; unsigned int _Idx = 0; _Head = app::FuelGaugeInputFromADC*]	16	static
tuple:351:7:static constexpr _Head& std::_Tuple_impl<_Idx, _Head>::_M_head(std::_Tuple_impl<_Idx, _Head>&) [with unsigned int _Idx = 0; _Head = std::_Bind<void (app::FuelGaugeInputFromADC::*(app::FuelGaugeInputFromADC*))()>]	16	static
tuple:160:7:static constexpr _Head& std::_Head_base<_Idx, _Head, false>::_M_head(std::_Head_base<_Idx, _Head, false>&) [with unsigned int _Idx = 0; _Head = std::_Bind<void (app::FuelGaugeInputFromADC::*(app::FuelGaugeInputFromADC*))()>]	16	static
tuple:371:7:constexpr std::_Tuple_impl<_Idx, _Head>::_Tuple_impl(std::_Tuple_impl<_Idx, _Head>&&) [with unsigned int _Idx = 0; _Head = std::_Bind<void (app::FuelGaugeInputFromADC::*(app::FuelGaugeInputFromADC*))()>]	24	static
tuple:1459:5:) [with _Elements = {}]	4	static
functional:547:2:) [with _Args = {}; _Result = void; _Functor = void (app::FuelGaugeInputFromADC::*)(); _Bound_args = {app::FuelGaugeInputFromADC*}]	32	static
ex_thread.hpp:127:13:std_ex::thread::_State::_State()	16	static
ex_thread.hpp:84:16:constexpr std_ex::thread::_Invoker<std::tuple<std::_Bind<void (app::FuelGaugeInputFromADC::*(app::FuelGaugeInputFromADC*))()> > >::_Invoker(std_ex::thread::_Invoker<std::tuple<std::_Bind<void (app::FuelGaugeInputFromADC::*(app::FuelGaugeInputFromADC*))()> > >&&)	16	static
ex_thread.hpp:176:4:std_ex::thread::_State_impl<_Callable>::_State_impl(_Callable&&) [with _Callable = std_ex::thread::_Invoker<std::tuple<std::_Bind<void (app::FuelGaugeInputFromADC::*(app::FuelGaugeInputFromADC*))()> > >]	24	static
shared_ptr_base.h:1257:7:std::__shared_ptr<_Tp, _Lp>::element_type* std::__shared_ptr<_Tp, _Lp>::get() const [with _Tp = drivers::GenericADC; __gnu_cxx::_Lock_policy _Lp = (__gnu_cxx::_Lock_policy)0]	16	static
shared_ptr_base.h:1257:7:std::__shared_ptr<_Tp, _Lp>::element_type* std::__shared_ptr<_Tp, _Lp>::get() const [with _Tp = app::CharacteristicCurve<long int, long int>; __gnu_cxx::_Lock_policy _Lp = (__gnu_cxx::_Lock_policy)0]	16	static
utility:208:9:static constexpr _Tp2& std::__pair_get<1>::__get(std::pair<_T1, _T2>&) [with _Tp1 = long int; _Tp2 = long int]	16	static
utility:189:9:static constexpr _Tp1& std::__pair_get<0>::__get(std::pair<_T1, _T2>&) [with _Tp1 = long int; _Tp2 = long int]	16	static
shared_ptr_base.h:974:7:std::__shared_ptr_access<_Tp, _Lp, <anonymous>, <anonymous> >::element_type* std::__shared_ptr_access<_Tp, _Lp, <anonymous>, <anonymous> >::_M_get() const [with _Tp = std::vector<std::function<void(long int)>, std::allocator<std::function<void(long int)> > >; __gnu_cxx::_Lock_policy _Lp = (__gnu_cxx::_Lock_policy)0; bool <anonymous> = false; bool <anonymous> = false]	16	static
stl_iterator.h:779:7:__gnu_cxx::__normal_iterator<_Iterator, _Container>::__normal_iterator(const _Iterator&) [with _Iterator = std::function<void(long int)>*; _Container = std::vector<std::function<void(long int)>, std::allocator<std::function<void(long int)> > >]	16	static
stl_iterator.h:844:7:const _Iterator& __gnu_cxx::__normal_iterator<_Iterator, _Container>::base() const [with _Iterator = std::function<void(long int)>*; _Container = std::vector<std::function<void(long int)>, std::allocator<std::function<void(long int)> > >]	16	static
move.h:73:5:constexpr _Tp&& std::forward(typename std::remove_reference<_From>::type&) [with _Tp = long int]	16	static
stl_vector.h:88:2:std::_Vector_base<_Tp, _Alloc>::_Vector_impl::_Vector_impl() [with _Tp = std::function<void(long int)>; _Alloc = std::allocator<std::function<void(long int)> >]	16	static
allocator.h:139:7:std::allocator< <template-parameter-1-1> >::~allocator() [with _Tp = std::function<void(long int)>]	16	static
stl_vector.h:176:7:void std::_Vector_base<_Tp, _Alloc>::_M_deallocate(std::_Vector_base<_Tp, _Alloc>::pointer, std::size_t) [with _Tp = std::function<void(long int)>; _Alloc = std::allocator<std::function<void(long int)> >]	24	static
shared_ptr_base.h:594:2:std::__shared_count<_Lp>::__shared_count(_Ptr, std::false_type) [with _Ptr = std::vector<std::function<void(long int)>, std::allocator<std::function<void(long int)> > >*; __gnu_cxx::_Lock_policy _Lp = (__gnu_cxx::_Lock_policy)0]	24	static
shared_ptr_base.h:1378:2:typename std::enable_if<(! std::__shared_ptr<_Tp, _Lp>::__has_esft_base<_Yp2>::value)>::type std::__shared_ptr<_Tp, _Lp>::_M_enable_shared_from_this_with(_Yp*) [with _Yp = std::vector<std::function<void(long int)>, std::allocator<std::function<void(long int)> > >; _Yp2 = std::vector<std::function<void(long int)>, std::allocator<std::function<void(long int)> > >; _Tp = std::vector<std::function<void(long int)>, std::allocator<std::function<void(long int)> > >; __gnu_cxx::_Lock_policy _Lp = (__gnu_cxx::_Lock_policy)0]	16	static
tuple:365:19:constexpr std::_Tuple_impl<_Idx, _Head>::_Tuple_impl(_UHead&&) [with _UHead = app::FuelGaugeInputFromADC*; unsigned int _Idx = 0; _Head = app::FuelGaugeInputFromADC*]	24	static
tuple:132:19:constexpr std::_Head_base<_Idx, _Head, false>::_Head_base(_UHead&&) [with _UHead = std::_Bind<void (app::FuelGaugeInputFromADC::*(app::FuelGaugeInputFromADC*))()>; unsigned int _Idx = 0; _Head = std::_Bind<void (app::FuelGaugeInputFromADC::*(app::FuelGaugeInputFromADC*))()>]	24	static
functional:465:2:_Indexes = {0}; _Functor = void (app::FuelGaugeInputFromADC::*)(); _Bound_args = {app::FuelGaugeInputFromADC*}]	40	static
shared_ptr_base.h:1257:7:std::__shared_ptr<_Tp, _Lp>::element_type* std::__shared_ptr<_Tp, _Lp>::get() const [with _Tp = std::vector<std::function<void(long int)>, std::allocator<std::function<void(long int)> > >; __gnu_cxx::_Lock_policy _Lp = (__gnu_cxx::_Lock_policy)0]	16	static
allocator.h:131:7:std::allocator< <template-parameter-1-1> >::allocator() [with _Tp = std::function<void(long int)>]	16	static
new_allocator.h:86:7:__gnu_cxx::new_allocator<_Tp>::~new_allocator() [with _Tp = std::function<void(long int)>]	16	static
alloc_traits.h:461:7:static void std::allocator_traits<std::allocator<_Tp1> >::deallocate(std::allocator_traits<std::allocator<_Tp1> >::allocator_type&, std::allocator_traits<std::allocator<_Tp1> >::pointer, std::allocator_traits<std::allocator<_Tp1> >::size_type) [with _Tp = std::function<void(long int)>]	24	static
shared_ptr_base.h:580:2:std::__shared_count<_Lp>::__shared_count(_Ptr) [with _Ptr = std::vector<std::function<void(long int)>, std::allocator<std::function<void(long int)> > >*; __gnu_cxx::_Lock_policy _Lp = (__gnu_cxx::_Lock_policy)0]	24	static
tuple:1314:5:>&) [with unsigned int __i = 0; _Elements = {app::FuelGaugeInputFromADC*}]	16	static
functional:430:2:_CVArg&& std::_Mu<_Arg, false, false>::operator()(_CVArg&&, _Tuple&) const volatile [with _CVArg = app::FuelGaugeInputFromADC*&; _Tuple = std::tuple<>; _Arg = app::FuelGaugeInputFromADC*]	24	static
move.h:73:5:constexpr _Tp&& std::forward(typename std::remove_reference<_From>::type&) [with _Tp = void (app::FuelGaugeInputFromADC::*&)()]	16	static
move.h:73:5:constexpr _Tp&& std::forward(typename std::remove_reference<_From>::type&) [with _Tp = app::FuelGaugeInputFromADC*&]	16	static
invoke.h:89:5:) [with _Callable = void (app::FuelGaugeInputFromADC::*&)(); _Args = {app::FuelGaugeInputFromADC*&}]	32	static
new_allocator.h:79:7:__gnu_cxx::new_allocator<_Tp>::new_allocator() [with _Tp = std::function<void(long int)>]	16	static
new_allocator.h:116:7:void __gnu_cxx::new_allocator<_Tp>::deallocate(__gnu_cxx::new_allocator<_Tp>::pointer, __gnu_cxx::new_allocator<_Tp>::size_type) [with _Tp = std::function<void(long int)>]	24	static
shared_ptr_base.h:371:7:std::_Sp_counted_ptr<_Ptr, _Lp>::_Sp_counted_ptr(_Ptr) [with _Ptr = std::vector<std::function<void(long int)>, std::allocator<std::function<void(long int)> > >*; __gnu_cxx::_Lock_policy _Lp = (__gnu_cxx::_Lock_policy)0]	16	static
stl_vector.h:433:7:std::vector<_Tp, _Alloc>::~vector() [with _Tp = std::function<void(long int)>; _Alloc = std::allocator<std::function<void(long int)> >]	24	static
tuple:1303:5:>&) [with unsigned int __i = 0; _Head = app::FuelGaugeInputFromADC*; _Tail = {}]	16	static
invoke.h:70:5:) [with _Res = void; _MemFun = void (app::FuelGaugeInputFromADC::*&)(); _Tp = app::FuelGaugeInputFromADC*&; _Args = {}]	24	static
shared_ptr_base.h:116:7:std::_Sp_counted_base<_Lp>::_Sp_counted_base() [with __gnu_cxx::_Lock_policy _Lp = (__gnu_cxx::_Lock_policy)0]	16	static
stl_vector.h:115:7:std::_Vector_base<_Tp, _Alloc>::_Tp_alloc_type& std::_Vector_base<_Tp, _Alloc>::_M_get_Tp_allocator() [with _Tp = std::function<void(long int)>; _Alloc = std::allocator<std::function<void(long int)> >]	16	static
stl_construct.h:203:5:void std::_Destroy(_ForwardIterator, _ForwardIterator, std::allocator<_T2>&) [with _ForwardIterator = std::function<void(long int)>*; _Tp = std::function<void(long int)>]	24	static
stl_construct.h:127:5:void std::_Destroy(_ForwardIterator, _ForwardIterator) [with _ForwardIterator = std::function<void(long int)>*]	16	static
move.h:47:5:constexpr _Tp* std::__addressof(_Tp&) [with _Tp = std::function<void(long int)>]	16	static
stl_construct.h:105:9:static void std::_Destroy_aux<<anonymous> >::__destroy(_ForwardIterator, _ForwardIterator) [with _ForwardIterator = std::function<void(long int)>*; bool <anonymous> = false]	16	static
std_function.h:389:11:std::function<void(long int)>::~function()	16	static
stl_construct.h:97:5:void std::_Destroy(_Tp*) [with _Tp = std::function<void(long int)>]	16	static
shared_ptr_base.h:367:11:std::_Sp_counted_ptr<std::vector<std::function<void(long int)>, std::allocator<std::function<void(long int)> > >*, (__gnu_cxx::_Lock_policy)0>::~_Sp_counted_ptr()	16	static
shared_ptr_base.h:367:11:virtual std::_Sp_counted_ptr<std::vector<std::function<void(long int)>, std::allocator<std::function<void(long int)> > >*, (__gnu_cxx::_Lock_policy)0>::~_Sp_counted_ptr()	16	static
ex_thread.hpp:170:10:std_ex::thread::_State_impl<std_ex::thread::_Invoker<std::tuple<std::_Bind<void (app::FuelGaugeInputFromADC::*(app::FuelGaugeInputFromADC*))()> > > >::~_State_impl()	16	static
ex_thread.hpp:170:10:virtual std_ex::thread::_State_impl<std_ex::thread::_Invoker<std::tuple<std::_Bind<void (app::FuelGaugeInputFromADC::*(app::FuelGaugeInputFromADC*))()> > > >::~_State_impl()	16	static
shared_ptr_base.h:375:7:void std::_Sp_counted_ptr<_Ptr, _Lp>::_M_dispose() [with _Ptr = std::vector<std::function<void(long int)>, std::allocator<std::function<void(long int)> > >*; __gnu_cxx::_Lock_policy _Lp = (__gnu_cxx::_Lock_policy)0]	24	static
shared_ptr_base.h:379:7:void std::_Sp_counted_ptr<_Ptr, _Lp>::_M_destroy() [with _Ptr = std::vector<std::function<void(long int)>, std::allocator<std::function<void(long int)> > >*; __gnu_cxx::_Lock_policy _Lp = (__gnu_cxx::_Lock_policy)0]	16	static
shared_ptr_base.h:383:7:void* std::_Sp_counted_ptr<_Ptr, _Lp>::_M_get_deleter(const std::type_info&) [with _Ptr = std::vector<std::function<void(long int)>, std::allocator<std::function<void(long int)> > >*; __gnu_cxx::_Lock_policy _Lp = (__gnu_cxx::_Lock_policy)0]	16	static
ex_thread.hpp:180:9:void std_ex::thread::_State_impl<_Callable>::_M_run() [with _Callable = std_ex::thread::_Invoker<std::tuple<std::_Bind<void (app::FuelGaugeInputFromADC::*(app::FuelGaugeInputFromADC*))()> > >]	16	static
ex_thread.hpp:103:4:_M_invoke(std_ex::thread::_Invoker<_Tuple>::_Indices())) std_ex::thread::_Invoker<_Tuple>::operator()() [with _Tuple = std::tuple<std::_Bind<void (app::FuelGaugeInputFromADC::*(app::FuelGaugeInputFromADC*))()> >]	24	static
ex_thread.hpp:94:6:_Ind = {0}; _Tuple = std::tuple<std::_Bind<void (app::FuelGaugeInputFromADC::*(app::FuelGaugeInputFromADC*))()> >]	16	static
move.h:98:5:constexpr typename std::remove_reference< <template-parameter-1-1> >::type&& std::move(_Tp&&) [with _Tp = std::tuple<std::_Bind<void (app::FuelGaugeInputFromADC::*(app::FuelGaugeInputFromADC*))()> >&]	16	static
tuple:1314:5:>&) [with unsigned int __i = 0; _Elements = {std::_Bind<void (app::FuelGaugeInputFromADC::*(app::FuelGaugeInputFromADC*))()>}]	16	static
tuple:1303:5:>&) [with unsigned int __i = 0; _Head = std::_Bind<void (app::FuelGaugeInputFromADC::*(app::FuelGaugeInputFromADC*))()>; _Tail = {}]	16	static
tuple:1326:5:>&&) [with unsigned int __i = 0; _Elements = {std::_Bind<void (app::FuelGaugeInputFromADC::*(app::FuelGaugeInputFromADC*))()>}]	16	static
move.h:73:5:constexpr _Tp&& std::forward(typename std::remove_reference<_From>::type&) [with _Tp = std::_Bind<void (app::FuelGaugeInputFromADC::*(app::FuelGaugeInputFromADC*))()>&&]	16	static
