stm32_dac.cpp:19:2:drivers::STM32DAC::STM32DAC(DAC_TypeDef*, GPIO_TypeDef*, uint16_t)	64	static
stm32_dac.cpp:59:2:drivers::STM32DAC::~STM32DAC()	16	static
stm32_dac.cpp:59:2:virtual drivers::STM32DAC::~STM32DAC()	16	static
stm32_dac.cpp:69:10:virtual int32_t drivers::STM32DAC::set_output_value(uint32_t)	24	static
stm32_dac.cpp:92:11:virtual uint32_t drivers::STM32DAC::get_max_value() const	16	static
stm32_dac.cpp:97:11:virtual uint32_t drivers::STM32DAC::get_min_value() const	16	static
stm32_dac.cpp:102:10:virtual int32_t drivers::STM32DAC::get_max_voltage() const	16	static
stm32_dac.cpp:107:10:virtual int32_t drivers::STM32DAC::get_min_voltage() const	16	static
stm32_dac.cpp:112:10:virtual int32_t drivers::STM32DAC::set_output_voltage(int32_t)	24	static
stm32_dac.cpp:119:11:uint32_t drivers::STM32DAC::get_dac_channel() const	16	static
stm32_dac.cpp:128:7:void drivers::STM32DAC::Error_Handler()	16	static
stm32_dac.cpp:147:7:void HAL_DAC_MspInit(DAC_HandleTypeDef*)	16	static
stm32_dac.cpp:158:7:void HAL_DAC_MspDeInit(DAC_HandleTypeDef*)	16	static
stl_algobase.h:219:5:constexpr const _Tp& std::max(const _Tp&, const _Tp&) [with _Tp = long int]	16	static
