new:168:14:void* operator new(std::size_t, void*)	16	static
gthr-default.h:229:1:int __gthread_key_delete(__gthread_key_t)	16	static
atomic_base.h:80:3:constexpr std::memory_order std::operator&(std::memory_order, std::__memory_order_modifier)	16	static
atomic:78:5:bool std::atomic<bool>::operator=(bool)	16	static
stl_tree.h:173:5:std::_Rb_tree_header::_Rb_tree_header()	16	static
stl_tree.h:206:5:void std::_Rb_tree_header::_M_reset()	16	static
stl_tree.h:688:4:std::_Rb_tree<_Key, _Val, _KeyOfValue, _Compare, _Alloc>::_Rb_tree_impl<_Key_compare, <anonymous> >::_Rb_tree_impl() [with _Key_compare = std::less<const UART_HandleTypeDef*>; bool <anonymous> = true; _Key = const UART_HandleTypeDef*; _Val = std::pair<const UART_HandleTypeDef* const, drivers::STM32HardwareUART*>; _KeyOfValue = std::_Select1st<std::pair<const UART_HandleTypeDef* const, drivers::STM32HardwareUART*> >; _Compare = std::less<const UART_HandleTypeDef*>; _Alloc = std::allocator<std::pair<const UART_HandleTypeDef* const, drivers::STM32HardwareUART*> >]	16	static
stl_tree.h:677:16:std::_Rb_tree<const UART_HandleTypeDef*, std::pair<const UART_HandleTypeDef* const, drivers::STM32HardwareUART*>, std::_Select1st<std::pair<const UART_HandleTypeDef* const, drivers::STM32HardwareUART*> >, std::less<const UART_HandleTypeDef*>, std::allocator<std::pair<const UART_HandleTypeDef* const, drivers::STM32HardwareUART*> > >::_Rb_tree_impl<std::less<const UART_HandleTypeDef*>, true>::~_Rb_tree_impl()	16	static
stl_tree.h:913:7:std::_Rb_tree<_Key, _Val, _KeyOfValue, _Compare, _Alloc>::_Rb_tree() [with _Key = const UART_HandleTypeDef*; _Val = std::pair<const UART_HandleTypeDef* const, drivers::STM32HardwareUART*>; _KeyOfValue = std::_Select1st<std::pair<const UART_HandleTypeDef* const, drivers::STM32HardwareUART*> >; _Compare = std::less<const UART_HandleTypeDef*>; _Alloc = std::allocator<std::pair<const UART_HandleTypeDef* const, drivers::STM32HardwareUART*> >]	16	static
stl_map.h:177:7:std::map<_Key, _Tp, _Compare, _Alloc>::map() [with _Key = const UART_HandleTypeDef*; _Tp = drivers::STM32HardwareUART*; _Compare = std::less<const UART_HandleTypeDef*>; _Alloc = std::allocator<std::pair<const UART_HandleTypeDef* const, drivers::STM32HardwareUART*> >]	16	static
stl_tree.h:688:4:std::_Rb_tree<_Key, _Val, _KeyOfValue, _Compare, _Alloc>::_Rb_tree_impl<_Key_compare, <anonymous> >::_Rb_tree_impl() [with _Key_compare = std::less<const long int>; bool <anonymous> = true; _Key = const long int; _Val = std::pair<const long int, drivers::STM32HardwareUART*>; _KeyOfValue = std::_Select1st<std::pair<const long int, drivers::STM32HardwareUART*> >; _Compare = std::less<const long int>; _Alloc = std::allocator<std::pair<const long int, drivers::STM32HardwareUART*> >]	16	static
stl_tree.h:677:16:std::_Rb_tree<const long int, std::pair<const long int, drivers::STM32HardwareUART*>, std::_Select1st<std::pair<const long int, drivers::STM32HardwareUART*> >, std::less<const long int>, std::allocator<std::pair<const long int, drivers::STM32HardwareUART*> > >::_Rb_tree_impl<std::less<const long int>, true>::~_Rb_tree_impl()	16	static
stl_tree.h:913:7:std::_Rb_tree<_Key, _Val, _KeyOfValue, _Compare, _Alloc>::_Rb_tree() [with _Key = const long int; _Val = std::pair<const long int, drivers::STM32HardwareUART*>; _KeyOfValue = std::_Select1st<std::pair<const long int, drivers::STM32HardwareUART*> >; _Compare = std::less<const long int>; _Alloc = std::allocator<std::pair<const long int, drivers::STM32HardwareUART*> >]	16	static
stl_map.h:177:7:std::map<_Key, _Tp, _Compare, _Alloc>::map() [with _Key = const long int; _Tp = drivers::STM32HardwareUART*; _Compare = std::less<const long int>; _Alloc = std::allocator<std::pair<const long int, drivers::STM32HardwareUART*> >]	16	static
stm32_uart.cpp:31:2:drivers::STM32HardwareUART::STM32HardwareUART(GPIO_TypeDef*, uint16_t, GPIO_TypeDef*, uint16_t)	112	static
stm32_uart.cpp:160:2:drivers::STM32HardwareUART::~STM32HardwareUART()	16	static
stm32_uart.cpp:160:2:virtual drivers::STM32HardwareUART::~STM32HardwareUART()	16	static
stm32_uart.cpp:164:7:virtual void drivers::STM32HardwareUART::connect(uint64_t, drivers::UARTSignalWordLength, drivers::UARTSignalStopBits, drivers::UARTSignalFlowControl, bool)	56	static
stm32_uart.cpp:223:7:virtual void drivers::STM32HardwareUART::disconnect()	16	static
stm32_uart.cpp:228:7:virtual void drivers::STM32HardwareUART::update_baud_rate(uint64_t)	24	static
stm32_uart.cpp:233:6:virtual int drivers::STM32HardwareUART::available() const	16	static
stm32_uart.cpp:239:6:virtual int drivers::STM32HardwareUART::available_for_write() const	16	static
stm32_uart.cpp:244:6:virtual int drivers::STM32HardwareUART::peek() const	16	static
stm32_uart.cpp:250:6:virtual int drivers::STM32HardwareUART::read()	24	static
stm32_uart.cpp:272:7:virtual void drivers::STM32HardwareUART::flush()	16	static
stm32_uart.cpp:276:9:virtual size_t drivers::STM32HardwareUART::write(const uint8_t*, size_t)	24	static
chrono:325:23:constexpr std::chrono::duration<_Rep, _Period>::duration(const _Rep2&) [with _Rep2 = int; <template-parameter-2-2> = void; _Rep = long long int; _Period = std::ratio<1, 1000>]	16	static
stm32_uart.cpp:301:7:void drivers::STM32HardwareUART::uart_main()	64	static
stm32_uart.cpp:362:7:void drivers::STM32HardwareUART::Error_Handler() const	16	static
stm32_uart.cpp:436:7:void HAL_UART_TxCpltCallback(UART_HandleTypeDef*)	24	static
stm32_uart.cpp:454:7:void HAL_UART_RxCpltCallback(UART_HandleTypeDef*)	24	static
stm32_uart.cpp:465:7:void USART2_IRQHandler()	16	static
atomic_base.h:265:7:std::__atomic_base<_IntTp>::__int_type std::__atomic_base<_IntTp>::operator=(std::__atomic_base<_IntTp>::__int_type) [with _ITp = bool]	24	static
allocator.h:131:7:std::allocator< <template-parameter-1-1> >::allocator() [with _Tp = std::_Rb_tree_node<std::pair<const UART_HandleTypeDef* const, drivers::STM32HardwareUART*> >]	16	static
allocator.h:139:7:std::allocator< <template-parameter-1-1> >::~allocator() [with _Tp = std::_Rb_tree_node<std::pair<const UART_HandleTypeDef* const, drivers::STM32HardwareUART*> >]	16	static
stl_tree.h:146:7:std::_Rb_tree_key_compare<_Key_compare>::_Rb_tree_key_compare() [with _Key_compare = std::less<const UART_HandleTypeDef*>]	16	static
stl_tree.h:948:7:std::_Rb_tree<_Key, _Val, _KeyOfValue, _Compare, _Alloc>::~_Rb_tree() [with _Key = const UART_HandleTypeDef*; _Val = std::pair<const UART_HandleTypeDef* const, drivers::STM32HardwareUART*>; _KeyOfValue = std::_Select1st<std::pair<const UART_HandleTypeDef* const, drivers::STM32HardwareUART*> >; _Compare = std::less<const UART_HandleTypeDef*>; _Alloc = std::allocator<std::pair<const UART_HandleTypeDef* const, drivers::STM32HardwareUART*> >]	16	static
allocator.h:131:7:std::allocator< <template-parameter-1-1> >::allocator() [with _Tp = std::_Rb_tree_node<std::pair<const long int, drivers::STM32HardwareUART*> >]	16	static
allocator.h:139:7:std::allocator< <template-parameter-1-1> >::~allocator() [with _Tp = std::_Rb_tree_node<std::pair<const long int, drivers::STM32HardwareUART*> >]	16	static
stl_tree.h:146:7:std::_Rb_tree_key_compare<_Key_compare>::_Rb_tree_key_compare() [with _Key_compare = std::less<const long int>]	16	static
stl_tree.h:948:7:std::_Rb_tree<_Key, _Val, _KeyOfValue, _Compare, _Alloc>::~_Rb_tree() [with _Key = const long int; _Val = std::pair<const long int, drivers::STM32HardwareUART*>; _KeyOfValue = std::_Select1st<std::pair<const long int, drivers::STM32HardwareUART*> >; _Compare = std::less<const long int>; _Alloc = std::allocator<std::pair<const long int, drivers::STM32HardwareUART*> >]	16	static
move.h:73:5:constexpr _Tp&& std::forward(typename std::remove_reference<_From>::type&) [with _Tp = UART_HandleTypeDef*]	16	static
move.h:73:5:constexpr _Tp&& std::forward(typename std::remove_reference<_From>::type&) [with _Tp = drivers::STM32HardwareUART*]	16	static
stl_map.h:568:2:) [with _Args = {UART_HandleTypeDef*, drivers::STM32HardwareUART*}; _Key = const UART_HandleTypeDef*; _Tp = drivers::STM32HardwareUART*; _Compare = std::less<const UART_HandleTypeDef*>; _Alloc = std::allocator<std::pair<const UART_HandleTypeDef* const, drivers::STM32HardwareUART*> >]	32	static
move.h:73:5:constexpr _Tp&& std::forward(typename std::remove_reference<_From>::type&) [with _Tp = int]	16	static
stl_map.h:568:2:) [with _Args = {int, drivers::STM32HardwareUART*}; _Key = const long int; _Tp = drivers::STM32HardwareUART*; _Compare = std::less<const long int>; _Alloc = std::allocator<std::pair<const long int, drivers::STM32HardwareUART*> >]	32	static
move.h:73:5:constexpr _Tp&& std::forward(typename std::remove_reference<_From>::type&) [with _Tp = void (drivers::STM32HardwareUART::*)()]	16	static
functional:875:5:) [with _Func = void (drivers::STM32HardwareUART::*)(); _BoundArgs = {drivers::STM32HardwareUART*}]	32	static
move.h:98:5:constexpr typename std::remove_reference< <template-parameter-1-1> >::type&& std::move(_Tp&&) [with _Tp = std::tuple<drivers::STM32HardwareUART*>&]	16	static
tuple:662:17:constexpr std::tuple<_Elements>::tuple(std::tuple<_Elements>&&) [with _Elements = {drivers::STM32HardwareUART*}]	16	static
functional:539:7:)>&&) [with _Functor = void (drivers::STM32HardwareUART::*)(); _Bound_args = {drivers::STM32HardwareUART*}]	24	static
move.h:73:5:constexpr _Tp&& std::forward(typename std::remove_reference<_From>::type&) [with _Tp = std::_Bind<void (drivers::STM32HardwareUART::*(drivers::STM32HardwareUART*))()>&]	16	static
move.h:73:5:constexpr _Tp&& std::forward(typename std::remove_reference<_From>::type&) [with _Tp = std::_Bind<void (drivers::STM32HardwareUART::*(drivers::STM32HardwareUART*))()>]	16	static
invoke.h:89:5:) [with _Callable = std::_Bind<void (drivers::STM32HardwareUART::*(drivers::STM32HardwareUART*))()>; _Args = {}]	32	static
move.h:98:5:constexpr typename std::remove_reference< <template-parameter-1-1> >::type&& std::move(_Tp&&) [with _Tp = std_ex::thread::_State*&]	16	static
ex_thread.hpp:141:8:) [with _Callable = std::_Bind<void (drivers::STM32HardwareUART::*(drivers::STM32HardwareUART*))()>&; _Args = {}]	32	static
move.h:98:5:constexpr typename std::remove_reference< <template-parameter-1-1> >::type&& std::move(_Tp&&) [with _Tp = const UART_HandleTypeDef*&]	16	static
move.h:73:5:constexpr _Tp&& std::forward(typename std::remove_reference<_From>::type&) [with _Tp = const UART_HandleTypeDef*]	16	static
tuple:646:19: (_Elements) >= 1)), bool>::type <anonymous> = 1; _Elements = {const UART_HandleTypeDef*&&}]	24	static
tuple:365:19:constexpr std::_Tuple_impl<_Idx, _Head>::_Tuple_impl(_UHead&&) [with _UHead = const UART_HandleTypeDef*; unsigned int _Idx = 0; _Head = const UART_HandleTypeDef*&&]	24	static
tuple:132:19:constexpr std::_Head_base<_Idx, _Head, false>::_Head_base(_UHead&&) [with _UHead = const UART_HandleTypeDef*; unsigned int _Idx = 0; _Head = const UART_HandleTypeDef*&&]	16	static
tuple:662:17:constexpr std::tuple<_Elements>::tuple(std::tuple<_Elements>&&) [with _Elements = {const UART_HandleTypeDef*&&}]	16	static
tuple:1459:5:) [with _Elements = {const UART_HandleTypeDef*}]	16	static
stl_map.h:504:7:std::map<_Key, _Tp, _Compare, _Alloc>::mapped_type& std::map<_Key, _Tp, _Compare, _Alloc>::operator[](std::map<_Key, _Tp, _Compare, _Alloc>::key_type&&) [with _Key = const UART_HandleTypeDef*; _Tp = drivers::STM32HardwareUART*; _Compare = std::less<const UART_HandleTypeDef*>; _Alloc = std::allocator<std::pair<const UART_HandleTypeDef* const, drivers::STM32HardwareUART*> >]	56	static
move.h:98:5:constexpr typename std::remove_reference< <template-parameter-1-1> >::type&& std::move(_Tp&&) [with _Tp = const long int&]	16	static
move.h:73:5:constexpr _Tp&& std::forward(typename std::remove_reference<_From>::type&) [with _Tp = const long int]	16	static
tuple:646:19: (_Elements) >= 1)), bool>::type <anonymous> = 1; _Elements = {const long int&&}]	24	static
tuple:365:19:constexpr std::_Tuple_impl<_Idx, _Head>::_Tuple_impl(_UHead&&) [with _UHead = const long int; unsigned int _Idx = 0; _Head = const long int&&]	24	static
tuple:132:19:constexpr std::_Head_base<_Idx, _Head, false>::_Head_base(_UHead&&) [with _UHead = const long int; unsigned int _Idx = 0; _Head = const long int&&]	16	static
tuple:662:17:constexpr std::tuple<_Elements>::tuple(std::tuple<_Elements>&&) [with _Elements = {const long int&&}]	16	static
tuple:1459:5:) [with _Elements = {const long int}]	16	static
stl_map.h:504:7:std::map<_Key, _Tp, _Compare, _Alloc>::mapped_type& std::map<_Key, _Tp, _Compare, _Alloc>::operator[](std::map<_Key, _Tp, _Compare, _Alloc>::key_type&&) [with _Key = const long int; _Tp = drivers::STM32HardwareUART*; _Compare = std::less<const long int>; _Alloc = std::allocator<std::pair<const long int, drivers::STM32HardwareUART*> >]	56	static
new_allocator.h:79:7:__gnu_cxx::new_allocator<_Tp>::new_allocator() [with _Tp = std::_Rb_tree_node<std::pair<const UART_HandleTypeDef* const, drivers::STM32HardwareUART*> >]	16	static
new_allocator.h:86:7:__gnu_cxx::new_allocator<_Tp>::~new_allocator() [with _Tp = std::_Rb_tree_node<std::pair<const UART_HandleTypeDef* const, drivers::STM32HardwareUART*> >]	16	static
stl_tree.h:1850:5:void std::_Rb_tree<_Key, _Val, _KeyOfValue, _Compare, _Alloc>::_M_erase(std::_Rb_tree<_Key, _Val, _KeyOfValue, _Compare, _Alloc>::_Link_type) [with _Key = const UART_HandleTypeDef*; _Val = std::pair<const UART_HandleTypeDef* const, drivers::STM32HardwareUART*>; _KeyOfValue = std::_Select1st<std::pair<const UART_HandleTypeDef* const, drivers::STM32HardwareUART*> >; _Compare = std::less<const UART_HandleTypeDef*>; _Alloc = std::allocator<std::pair<const UART_HandleTypeDef* const, drivers::STM32HardwareUART*> >]	24	static
stl_tree.h:736:7:std::_Rb_tree_node<_Val>* std::_Rb_tree<_Key, _Val, _KeyOfValue, _Compare, _Alloc>::_M_begin() [with _Key = const UART_HandleTypeDef*; _Val = std::pair<const UART_HandleTypeDef* const, drivers::STM32HardwareUART*>; _KeyOfValue = std::_Select1st<std::pair<const UART_HandleTypeDef* const, drivers::STM32HardwareUART*> >; _Compare = std::less<const UART_HandleTypeDef*>; _Alloc = std::allocator<std::pair<const UART_HandleTypeDef* const, drivers::STM32HardwareUART*> >]	16	static
new_allocator.h:79:7:__gnu_cxx::new_allocator<_Tp>::new_allocator() [with _Tp = std::_Rb_tree_node<std::pair<const long int, drivers::STM32HardwareUART*> >]	16	static
new_allocator.h:86:7:__gnu_cxx::new_allocator<_Tp>::~new_allocator() [with _Tp = std::_Rb_tree_node<std::pair<const long int, drivers::STM32HardwareUART*> >]	16	static
stl_tree.h:1850:5:void std::_Rb_tree<_Key, _Val, _KeyOfValue, _Compare, _Alloc>::_M_erase(std::_Rb_tree<_Key, _Val, _KeyOfValue, _Compare, _Alloc>::_Link_type) [with _Key = const long int; _Val = std::pair<const long int, drivers::STM32HardwareUART*>; _KeyOfValue = std::_Select1st<std::pair<const long int, drivers::STM32HardwareUART*> >; _Compare = std::less<const long int>; _Alloc = std::allocator<std::pair<const long int, drivers::STM32HardwareUART*> >]	24	static
stl_tree.h:736:7:std::_Rb_tree_node<_Val>* std::_Rb_tree<_Key, _Val, _KeyOfValue, _Compare, _Alloc>::_M_begin() [with _Key = const long int; _Val = std::pair<const long int, drivers::STM32HardwareUART*>; _KeyOfValue = std::_Select1st<std::pair<const long int, drivers::STM32HardwareUART*> >; _Compare = std::less<const long int>; _Alloc = std::allocator<std::pair<const long int, drivers::STM32HardwareUART*> >]	16	static
stl_tree.h:2348:7:) [with _Args = {UART_HandleTypeDef*, drivers::STM32HardwareUART*}; _Key = const UART_HandleTypeDef*; _Val = std::pair<const UART_HandleTypeDef* const, drivers::STM32HardwareUART*>; _KeyOfValue = std::_Select1st<std::pair<const UART_HandleTypeDef* const, drivers::STM32HardwareUART*> >; _Compare = std::less<const UART_HandleTypeDef*>; _Alloc = std::allocator<std::pair<const UART_HandleTypeDef* const, drivers::STM32HardwareUART*> >]	64	static
stl_tree.h:2348:7:) [with _Args = {int, drivers::STM32HardwareUART*}; _Key = const long int; _Val = std::pair<const long int, drivers::STM32HardwareUART*>; _KeyOfValue = std::_Select1st<std::pair<const long int, drivers::STM32HardwareUART*> >; _Compare = std::less<const long int>; _Alloc = std::allocator<std::pair<const long int, drivers::STM32HardwareUART*> >]	64	static
functional:533:11:) [with _Args = {drivers::STM32HardwareUART*}; _Functor = void (drivers::STM32HardwareUART::*)(); _Bound_args = {drivers::STM32HardwareUART*}]	32	static
move.h:98:5:constexpr typename std::remove_reference< <template-parameter-1-1> >::type&& std::move(_Tp&&) [with _Tp = void (drivers::STM32HardwareUART::*&)()]	16	static
tuple:351:7:static constexpr _Head& std::_Tuple_impl<_Idx, _Head>::_M_head(std::_Tuple_impl<_Idx, _Head>&) [with unsigned int _Idx = 0; _Head = drivers::STM32HardwareUART*]	16	static
tuple:160:7:static constexpr _Head& std::_Head_base<_Idx, _Head, false>::_M_head(std::_Head_base<_Idx, _Head, false>&) [with unsigned int _Idx = 0; _Head = drivers::STM32HardwareUART*]	16	static
tuple:371:7:constexpr std::_Tuple_impl<_Idx, _Head>::_Tuple_impl(std::_Tuple_impl<_Idx, _Head>&&) [with unsigned int _Idx = 0; _Head = drivers::STM32HardwareUART*]	24	static
tuple:662:17:constexpr std::tuple<_Elements>::tuple(std::tuple<_Elements>&&) [with _Elements = {std::_Bind<void (drivers::STM32HardwareUART::*(drivers::STM32HardwareUART*))()>}]	16	static
tuple:646:19: (_Elements) >= 1)), bool>::type <anonymous> = 1; _Elements = {std::_Bind<void (drivers::STM32HardwareUART::*(drivers::STM32HardwareUART*))()>}]	24	static
tuple:365:19:constexpr std::_Tuple_impl<_Idx, _Head>::_Tuple_impl(_UHead&&) [with _UHead = std::_Bind<void (drivers::STM32HardwareUART::*(drivers::STM32HardwareUART*))()>&; unsigned int _Idx = 0; _Head = std::_Bind<void (drivers::STM32HardwareUART::*(drivers::STM32HardwareUART*))()>]	24	static
tuple:132:19:constexpr std::_Head_base<_Idx, _Head, false>::_Head_base(_UHead&&) [with _UHead = std::_Bind<void (drivers::STM32HardwareUART::*(drivers::STM32HardwareUART*))()>&; unsigned int _Idx = 0; _Head = std::_Bind<void (drivers::STM32HardwareUART::*(drivers::STM32HardwareUART*))()>]	16	static
ex_thread.hpp:117:9:) [with _Callable = std::_Bind<void (drivers::STM32HardwareUART::*(drivers::STM32HardwareUART*))()>&; _Args = {}]	24	static
invoke.h:59:5:) [with _Res = void; _Fn = std::_Bind<void (drivers::STM32HardwareUART::*(drivers::STM32HardwareUART*))()>; _Args = {}]	16	static
move.h:73:5:constexpr _Tp&& std::forward(typename std::remove_reference<_From>::type&) [with _Tp = std_ex::thread::_Invoker<std::tuple<std::_Bind<void (drivers::STM32HardwareUART::*(drivers::STM32HardwareUART*))()> > >]	16	static
ex_thread.hpp:210:21:static std_ex::thread::_State* std_ex::thread::_S_make_state(_Callable&&) [with _Callable = std_ex::thread::_Invoker<std::tuple<std::_Bind<void (drivers::STM32HardwareUART::*(drivers::STM32HardwareUART*))()> > >]	24	static
stl_map.h:1233:7:std::map<_Key, _Tp, _Compare, _Alloc>::iterator std::map<_Key, _Tp, _Compare, _Alloc>::lower_bound(const key_type&) [with _Key = const UART_HandleTypeDef*; _Tp = drivers::STM32HardwareUART*; _Compare = std::less<const UART_HandleTypeDef*>; _Alloc = std::allocator<std::pair<const UART_HandleTypeDef* const, drivers::STM32HardwareUART*> >]	16	static
stl_map.h:366:7:std::map<_Key, _Tp, _Compare, _Alloc>::iterator std::map<_Key, _Tp, _Compare, _Alloc>::end() [with _Key = const UART_HandleTypeDef*; _Tp = drivers::STM32HardwareUART*; _Compare = std::less<const UART_HandleTypeDef*>; _Alloc = std::allocator<std::pair<const UART_HandleTypeDef* const, drivers::STM32HardwareUART*> >]	16	static
stl_tree.h:315:7:bool std::_Rb_tree_iterator<_Tp>::operator==(const _Self&) const [with _Tp = std::pair<const UART_HandleTypeDef* const, drivers::STM32HardwareUART*>]	16	static
stl_map.h:1136:7:std::map<_Key, _Tp, _Compare, _Alloc>::key_compare std::map<_Key, _Tp, _Compare, _Alloc>::key_comp() const [with _Key = const UART_HandleTypeDef*; _Tp = drivers::STM32HardwareUART*; _Compare = std::less<const UART_HandleTypeDef*>; _Alloc = std::allocator<std::pair<const UART_HandleTypeDef* const, drivers::STM32HardwareUART*> >]	24	static
stl_tree.h:277:7:_Tp& std::_Rb_tree_iterator<_Tp>::operator*() const [with _Tp = std::pair<const UART_HandleTypeDef* const, drivers::STM32HardwareUART*>]	16	static
stl_function.h:385:7:constexpr bool std::less<_Tp>::operator()(const _Tp&, const _Tp&) const [with _Tp = const UART_HandleTypeDef*]	24	static
stl_tree.h:348:7:std::_Rb_tree_const_iterator<_Tp>::_Rb_tree_const_iterator(const iterator&) [with _Tp = std::pair<const UART_HandleTypeDef* const, drivers::STM32HardwareUART*>]	16	static
tuple:351:7:static constexpr _Head& std::_Tuple_impl<_Idx, _Head>::_M_head(std::_Tuple_impl<_Idx, _Head>&) [with unsigned int _Idx = 0; _Head = const UART_HandleTypeDef*&&]	16	static
tuple:160:7:static constexpr _Head& std::_Head_base<_Idx, _Head, false>::_M_head(std::_Head_base<_Idx, _Head, false>&) [with unsigned int _Idx = 0; _Head = const UART_HandleTypeDef*&&]	16	static
move.h:73:5:constexpr _Tp&& std::forward(typename std::remove_reference<_From>::type&) [with _Tp = const UART_HandleTypeDef*&&]	16	static
tuple:371:7:constexpr std::_Tuple_impl<_Idx, _Head>::_Tuple_impl(std::_Tuple_impl<_Idx, _Head>&&) [with unsigned int _Idx = 0; _Head = const UART_HandleTypeDef*&&]	24	static
move.h:73:5:constexpr _Tp&& std::forward(typename std::remove_reference<_From>::type&) [with _Tp = const std::piecewise_construct_t&]	16	static
move.h:73:5:constexpr _Tp&& std::forward(typename std::remove_reference<_From>::type&) [with _Tp = std::tuple<const UART_HandleTypeDef*&&>]	16	static
move.h:73:5:constexpr _Tp&& std::forward(typename std::remove_reference<_From>::type&) [with _Tp = std::tuple<>]	16	static
stl_tree.h:2395:7:) [with _Args = {const std::piecewise_construct_t&, std::tuple<const UART_HandleTypeDef*&&>, std::tuple<>}; _Key = const UART_HandleTypeDef*; _Val = std::pair<const UART_HandleTypeDef* const, drivers::STM32HardwareUART*>; _KeyOfValue = std::_Select1st<std::pair<const UART_HandleTypeDef* const, drivers::STM32HardwareUART*> >; _Compare = std::less<const UART_HandleTypeDef*>; _Alloc = std::allocator<std::pair<const UART_HandleTypeDef* const, drivers::STM32HardwareUART*> >]	48	static
stl_map.h:1233:7:std::map<_Key, _Tp, _Compare, _Alloc>::iterator std::map<_Key, _Tp, _Compare, _Alloc>::lower_bound(const key_type&) [with _Key = const long int; _Tp = drivers::STM32HardwareUART*; _Compare = std::less<const long int>; _Alloc = std::allocator<std::pair<const long int, drivers::STM32HardwareUART*> >]	16	static
stl_map.h:366:7:std::map<_Key, _Tp, _Compare, _Alloc>::iterator std::map<_Key, _Tp, _Compare, _Alloc>::end() [with _Key = const long int; _Tp = drivers::STM32HardwareUART*; _Compare = std::less<const long int>; _Alloc = std::allocator<std::pair<const long int, drivers::STM32HardwareUART*> >]	16	static
stl_tree.h:315:7:bool std::_Rb_tree_iterator<_Tp>::operator==(const _Self&) const [with _Tp = std::pair<const long int, drivers::STM32HardwareUART*>]	16	static
stl_map.h:1136:7:std::map<_Key, _Tp, _Compare, _Alloc>::key_compare std::map<_Key, _Tp, _Compare, _Alloc>::key_comp() const [with _Key = const long int; _Tp = drivers::STM32HardwareUART*; _Compare = std::less<const long int>; _Alloc = std::allocator<std::pair<const long int, drivers::STM32HardwareUART*> >]	24	static
stl_tree.h:277:7:_Tp& std::_Rb_tree_iterator<_Tp>::operator*() const [with _Tp = std::pair<const long int, drivers::STM32HardwareUART*>]	16	static
stl_function.h:385:7:constexpr bool std::less<_Tp>::operator()(const _Tp&, const _Tp&) const [with _Tp = const long int]	24	static
stl_tree.h:348:7:std::_Rb_tree_const_iterator<_Tp>::_Rb_tree_const_iterator(const iterator&) [with _Tp = std::pair<const long int, drivers::STM32HardwareUART*>]	16	static
tuple:351:7:static constexpr _Head& std::_Tuple_impl<_Idx, _Head>::_M_head(std::_Tuple_impl<_Idx, _Head>&) [with unsigned int _Idx = 0; _Head = const long int&&]	16	static
tuple:160:7:static constexpr _Head& std::_Head_base<_Idx, _Head, false>::_M_head(std::_Head_base<_Idx, _Head, false>&) [with unsigned int _Idx = 0; _Head = const long int&&]	16	static
move.h:73:5:constexpr _Tp&& std::forward(typename std::remove_reference<_From>::type&) [with _Tp = const long int&&]	16	static
tuple:371:7:constexpr std::_Tuple_impl<_Idx, _Head>::_Tuple_impl(std::_Tuple_impl<_Idx, _Head>&&) [with unsigned int _Idx = 0; _Head = const long int&&]	24	static
move.h:73:5:constexpr _Tp&& std::forward(typename std::remove_reference<_From>::type&) [with _Tp = std::tuple<const long int&&>]	16	static
stl_tree.h:2395:7:) [with _Args = {const std::piecewise_construct_t&, std::tuple<const long int&&>, std::tuple<>}; _Key = const long int; _Val = std::pair<const long int, drivers::STM32HardwareUART*>; _KeyOfValue = std::_Select1st<std::pair<const long int, drivers::STM32HardwareUART*> >; _Compare = std::less<const long int>; _Alloc = std::allocator<std::pair<const long int, drivers::STM32HardwareUART*> >]	48	static
stl_tree.h:771:7:static std::_Rb_tree_node<_Val>* std::_Rb_tree<_Key, _Val, _KeyOfValue, _Compare, _Alloc>::_S_right(std::_Rb_tree<_Key, _Val, _KeyOfValue, _Compare, _Alloc>::_Base_ptr) [with _Key = const UART_HandleTypeDef*; _Val = std::pair<const UART_HandleTypeDef* const, drivers::STM32HardwareUART*>; _KeyOfValue = std::_Select1st<std::pair<const UART_HandleTypeDef* const, drivers::STM32HardwareUART*> >; _Compare = std::less<const UART_HandleTypeDef*>; _Alloc = std::allocator<std::pair<const UART_HandleTypeDef* const, drivers::STM32HardwareUART*> >]	16	static
stl_tree.h:763:7:static std::_Rb_tree_node<_Val>* std::_Rb_tree<_Key, _Val, _KeyOfValue, _Compare, _Alloc>::_S_left(std::_Rb_tree<_Key, _Val, _KeyOfValue, _Compare, _Alloc>::_Base_ptr) [with _Key = const UART_HandleTypeDef*; _Val = std::pair<const UART_HandleTypeDef* const, drivers::STM32HardwareUART*>; _KeyOfValue = std::_Select1st<std::pair<const UART_HandleTypeDef* const, drivers::STM32HardwareUART*> >; _Compare = std::less<const UART_HandleTypeDef*>; _Alloc = std::allocator<std::pair<const UART_HandleTypeDef* const, drivers::STM32HardwareUART*> >]	16	static
stl_tree.h:656:7:void std::_Rb_tree<_Key, _Val, _KeyOfValue, _Compare, _Alloc>::_M_drop_node(std::_Rb_tree<_Key, _Val, _KeyOfValue, _Compare, _Alloc>::_Link_type) [with _Key = const UART_HandleTypeDef*; _Val = std::pair<const UART_HandleTypeDef* const, drivers::STM32HardwareUART*>; _KeyOfValue = std::_Select1st<std::pair<const UART_HandleTypeDef* const, drivers::STM32HardwareUART*> >; _Compare = std::less<const UART_HandleTypeDef*>; _Alloc = std::allocator<std::pair<const UART_HandleTypeDef* const, drivers::STM32HardwareUART*> >]	16	static
stl_tree.h:771:7:static std::_Rb_tree_node<_Val>* std::_Rb_tree<_Key, _Val, _KeyOfValue, _Compare, _Alloc>::_S_right(std::_Rb_tree<_Key, _Val, _KeyOfValue, _Compare, _Alloc>::_Base_ptr) [with _Key = const long int; _Val = std::pair<const long int, drivers::STM32HardwareUART*>; _KeyOfValue = std::_Select1st<std::pair<const long int, drivers::STM32HardwareUART*> >; _Compare = std::less<const long int>; _Alloc = std::allocator<std::pair<const long int, drivers::STM32HardwareUART*> >]	16	static
stl_tree.h:763:7:static std::_Rb_tree_node<_Val>* std::_Rb_tree<_Key, _Val, _KeyOfValue, _Compare, _Alloc>::_S_left(std::_Rb_tree<_Key, _Val, _KeyOfValue, _Compare, _Alloc>::_Base_ptr) [with _Key = const long int; _Val = std::pair<const long int, drivers::STM32HardwareUART*>; _KeyOfValue = std::_Select1st<std::pair<const long int, drivers::STM32HardwareUART*> >; _Compare = std::less<const long int>; _Alloc = std::allocator<std::pair<const long int, drivers::STM32HardwareUART*> >]	16	static
stl_tree.h:656:7:void std::_Rb_tree<_Key, _Val, _KeyOfValue, _Compare, _Alloc>::_M_drop_node(std::_Rb_tree<_Key, _Val, _KeyOfValue, _Compare, _Alloc>::_Link_type) [with _Key = const long int; _Val = std::pair<const long int, drivers::STM32HardwareUART*>; _KeyOfValue = std::_Select1st<std::pair<const long int, drivers::STM32HardwareUART*> >; _Compare = std::less<const long int>; _Alloc = std::allocator<std::pair<const long int, drivers::STM32HardwareUART*> >]	16	static
stl_tree.h:640:9:) [with _Args = {UART_HandleTypeDef*, drivers::STM32HardwareUART*}; _Key = const UART_HandleTypeDef*; _Val = std::pair<const UART_HandleTypeDef* const, drivers::STM32HardwareUART*>; _KeyOfValue = std::_Select1st<std::pair<const UART_HandleTypeDef* const, drivers::STM32HardwareUART*> >; _Compare = std::less<const UART_HandleTypeDef*>; _Alloc = std::allocator<std::pair<const UART_HandleTypeDef* const, drivers::STM32HardwareUART*> >]	40	static
stl_pair.h:330:12:constexpr std::pair<_T1, _T2>::pair(_U1&&, _U2&&) [with _U1 = std::_Rb_tree_node<std::pair<const UART_HandleTypeDef* const, drivers::STM32HardwareUART*> >*&; _U2 = std::_Rb_tree_node_base*&; typename std::enable_if<(std::_PCC<true, _T1, _T2>::_MoveConstructiblePair<_U1, _U2>() && std::_PCC<true, _T1, _T2>::_ImplicitlyMoveConvertiblePair<_U1, _U2>()), bool>::type <anonymous> = 1; _T1 = std::_Rb_tree_node_base*; _T2 = std::_Rb_tree_node_base*]	24	static
move.h:73:5:constexpr _Tp&& std::forward(typename std::remove_reference<_From>::type&) [with _Tp = std::_Rb_tree_node<std::pair<const UART_HandleTypeDef* const, drivers::STM32HardwareUART*> >*&]	16	static
stl_pair.h:300:18:constexpr std::pair<_T1, _T2>::pair(_U1&&, const _T2&) [with _U1 = std::_Rb_tree_node_base*&; typename std::enable_if<std::_PCC<true, _T1, _T2>::_MoveCopyPair<true, _U1, _T2>(), bool>::type <anonymous> = 1; _T1 = std::_Rb_tree_node_base*; _T2 = std::_Rb_tree_node_base*]	24	static
move.h:73:5:constexpr _Tp&& std::forward(typename std::remove_reference<_From>::type&) [with _Tp = std::_Rb_tree_node_base*&]	16	static
stl_tree.h:2028:5:std::pair<std::_Rb_tree_node_base*, std::_Rb_tree_node_base*> std::_Rb_tree<_Key, _Val, _KeyOfValue, _Compare, _Alloc>::_M_get_insert_unique_pos(const key_type&) [with _Key = const UART_HandleTypeDef*; _Val = std::pair<const UART_HandleTypeDef* const, drivers::STM32HardwareUART*>; _KeyOfValue = std::_Select1st<std::pair<const UART_HandleTypeDef* const, drivers::STM32HardwareUART*> >; _Compare = std::less<const UART_HandleTypeDef*>; _Alloc = std::allocator<std::pair<const UART_HandleTypeDef* const, drivers::STM32HardwareUART*> >]	56	static
stl_tree.h:759:7:static const _Key& std::_Rb_tree<_Key, _Val, _KeyOfValue, _Compare, _Alloc>::_S_key(std::_Rb_tree<_Key, _Val, _KeyOfValue, _Compare, _Alloc>::_Const_Link_type) [with _Key = const UART_HandleTypeDef*; _Val = std::pair<const UART_HandleTypeDef* const, drivers::STM32HardwareUART*>; _KeyOfValue = std::_Select1st<std::pair<const UART_HandleTypeDef* const, drivers::STM32HardwareUART*> >; _Compare = std::less<const UART_HandleTypeDef*>; _Alloc = std::allocator<std::pair<const UART_HandleTypeDef* const, drivers::STM32HardwareUART*> >]	24	static
stl_tree.h:2297:5:std::_Rb_tree<_Key, _Val, _KeyOfValue, _Compare, _Alloc>::iterator std::_Rb_tree<_Key, _Val, _KeyOfValue, _Compare, _Alloc>::_M_insert_node(std::_Rb_tree<_Key, _Val, _KeyOfValue, _Compare, _Alloc>::_Base_ptr, std::_Rb_tree<_Key, _Val, _KeyOfValue, _Compare, _Alloc>::_Base_ptr, std::_Rb_tree<_Key, _Val, _KeyOfValue, _Compare, _Alloc>::_Link_type) [with _Key = const UART_HandleTypeDef*; _Val = std::pair<const UART_HandleTypeDef* const, drivers::STM32HardwareUART*>; _KeyOfValue = std::_Select1st<std::pair<const UART_HandleTypeDef* const, drivers::STM32HardwareUART*> >; _Compare = std::less<const UART_HandleTypeDef*>; _Alloc = std::allocator<std::pair<const UART_HandleTypeDef* const, drivers::STM32HardwareUART*> >]	40	static
move.h:73:5:constexpr _Tp&& std::forward(typename std::remove_reference<_From>::type&) [with _Tp = std::_Rb_tree_iterator<std::pair<const UART_HandleTypeDef* const, drivers::STM32HardwareUART*> >]	16	static
stl_pair.h:330:12:constexpr std::pair<_T1, _T2>::pair(_U1&&, _U2&&) [with _U1 = std::_Rb_tree_iterator<std::pair<const UART_HandleTypeDef* const, drivers::STM32HardwareUART*> >; _U2 = bool; typename std::enable_if<(std::_PCC<true, _T1, _T2>::_MoveConstructiblePair<_U1, _U2>() && std::_PCC<true, _T1, _T2>::_ImplicitlyMoveConvertiblePair<_U1, _U2>()), bool>::type <anonymous> = 1; _T1 = std::_Rb_tree_iterator<std::pair<const UART_HandleTypeDef* const, drivers::STM32HardwareUART*> >; _T2 = bool]	24	static
stl_tree.h:273:7:std::_Rb_tree_iterator<_Tp>::_Rb_tree_iterator(std::_Rb_tree_iterator<_Tp>::_Base_ptr) [with _Tp = std::pair<const UART_HandleTypeDef* const, drivers::STM32HardwareUART*>]	16	static
stl_tree.h:640:9:) [with _Args = {int, drivers::STM32HardwareUART*}; _Key = const long int; _Val = std::pair<const long int, drivers::STM32HardwareUART*>; _KeyOfValue = std::_Select1st<std::pair<const long int, drivers::STM32HardwareUART*> >; _Compare = std::less<const long int>; _Alloc = std::allocator<std::pair<const long int, drivers::STM32HardwareUART*> >]	40	static
stl_pair.h:330:12:constexpr std::pair<_T1, _T2>::pair(_U1&&, _U2&&) [with _U1 = std::_Rb_tree_node<std::pair<const long int, drivers::STM32HardwareUART*> >*&; _U2 = std::_Rb_tree_node_base*&; typename std::enable_if<(std::_PCC<true, _T1, _T2>::_MoveConstructiblePair<_U1, _U2>() && std::_PCC<true, _T1, _T2>::_ImplicitlyMoveConvertiblePair<_U1, _U2>()), bool>::type <anonymous> = 1; _T1 = std::_Rb_tree_node_base*; _T2 = std::_Rb_tree_node_base*]	24	static
move.h:73:5:constexpr _Tp&& std::forward(typename std::remove_reference<_From>::type&) [with _Tp = std::_Rb_tree_node<std::pair<const long int, drivers::STM32HardwareUART*> >*&]	16	static
stl_tree.h:2028:5:std::pair<std::_Rb_tree_node_base*, std::_Rb_tree_node_base*> std::_Rb_tree<_Key, _Val, _KeyOfValue, _Compare, _Alloc>::_M_get_insert_unique_pos(const key_type&) [with _Key = const long int; _Val = std::pair<const long int, drivers::STM32HardwareUART*>; _KeyOfValue = std::_Select1st<std::pair<const long int, drivers::STM32HardwareUART*> >; _Compare = std::less<const long int>; _Alloc = std::allocator<std::pair<const long int, drivers::STM32HardwareUART*> >]	56	static
stl_tree.h:759:7:static const _Key& std::_Rb_tree<_Key, _Val, _KeyOfValue, _Compare, _Alloc>::_S_key(std::_Rb_tree<_Key, _Val, _KeyOfValue, _Compare, _Alloc>::_Const_Link_type) [with _Key = const long int; _Val = std::pair<const long int, drivers::STM32HardwareUART*>; _KeyOfValue = std::_Select1st<std::pair<const long int, drivers::STM32HardwareUART*> >; _Compare = std::less<const long int>; _Alloc = std::allocator<std::pair<const long int, drivers::STM32HardwareUART*> >]	24	static
stl_tree.h:2297:5:std::_Rb_tree<_Key, _Val, _KeyOfValue, _Compare, _Alloc>::iterator std::_Rb_tree<_Key, _Val, _KeyOfValue, _Compare, _Alloc>::_M_insert_node(std::_Rb_tree<_Key, _Val, _KeyOfValue, _Compare, _Alloc>::_Base_ptr, std::_Rb_tree<_Key, _Val, _KeyOfValue, _Compare, _Alloc>::_Base_ptr, std::_Rb_tree<_Key, _Val, _KeyOfValue, _Compare, _Alloc>::_Link_type) [with _Key = const long int; _Val = std::pair<const long int, drivers::STM32HardwareUART*>; _KeyOfValue = std::_Select1st<std::pair<const long int, drivers::STM32HardwareUART*> >; _Compare = std::less<const long int>; _Alloc = std::allocator<std::pair<const long int, drivers::STM32HardwareUART*> >]	40	static
move.h:73:5:constexpr _Tp&& std::forward(typename std::remove_reference<_From>::type&) [with _Tp = std::_Rb_tree_iterator<std::pair<const long int, drivers::STM32HardwareUART*> >]	16	static
stl_pair.h:330:12:constexpr std::pair<_T1, _T2>::pair(_U1&&, _U2&&) [with _U1 = std::_Rb_tree_iterator<std::pair<const long int, drivers::STM32HardwareUART*> >; _U2 = bool; typename std::enable_if<(std::_PCC<true, _T1, _T2>::_MoveConstructiblePair<_U1, _U2>() && std::_PCC<true, _T1, _T2>::_ImplicitlyMoveConvertiblePair<_U1, _U2>()), bool>::type <anonymous> = 1; _T1 = std::_Rb_tree_iterator<std::pair<const long int, drivers::STM32HardwareUART*> >; _T2 = bool]	24	static
stl_tree.h:273:7:std::_Rb_tree_iterator<_Tp>::_Rb_tree_iterator(std::_Rb_tree_iterator<_Tp>::_Base_ptr) [with _Tp = std::pair<const long int, drivers::STM32HardwareUART*>]	16	static
tuple:646:19: (_Elements) >= 1)), bool>::type <anonymous> = 1; _Elements = {drivers::STM32HardwareUART*}]	24	static
tuple:132:19:constexpr std::_Head_base<_Idx, _Head, false>::_Head_base(_UHead&&) [with _UHead = drivers::STM32HardwareUART*; unsigned int _Idx = 0; _Head = drivers::STM32HardwareUART*]	16	static
tuple:351:7:static constexpr _Head& std::_Tuple_impl<_Idx, _Head>::_M_head(std::_Tuple_impl<_Idx, _Head>&) [with unsigned int _Idx = 0; _Head = std::_Bind<void (drivers::STM32HardwareUART::*(drivers::STM32HardwareUART*))()>]	16	static
tuple:160:7:static constexpr _Head& std::_Head_base<_Idx, _Head, false>::_M_head(std::_Head_base<_Idx, _Head, false>&) [with unsigned int _Idx = 0; _Head = std::_Bind<void (drivers::STM32HardwareUART::*(drivers::STM32HardwareUART*))()>]	16	static
tuple:371:7:constexpr std::_Tuple_impl<_Idx, _Head>::_Tuple_impl(std::_Tuple_impl<_Idx, _Head>&&) [with unsigned int _Idx = 0; _Head = std::_Bind<void (drivers::STM32HardwareUART::*(drivers::STM32HardwareUART*))()>]	24	static
tuple:1459:5:) [with _Elements = {}]	4	static
functional:547:2:) [with _Args = {}; _Result = void; _Functor = void (drivers::STM32HardwareUART::*)(); _Bound_args = {drivers::STM32HardwareUART*}]	32	static
ex_thread.hpp:127:13:std_ex::thread::_State::_State()	16	static
ex_thread.hpp:84:16:constexpr std_ex::thread::_Invoker<std::tuple<std::_Bind<void (drivers::STM32HardwareUART::*(drivers::STM32HardwareUART*))()> > >::_Invoker(std_ex::thread::_Invoker<std::tuple<std::_Bind<void (drivers::STM32HardwareUART::*(drivers::STM32HardwareUART*))()> > >&&)	16	static
ex_thread.hpp:176:4:std_ex::thread::_State_impl<_Callable>::_State_impl(_Callable&&) [with _Callable = std_ex::thread::_Invoker<std::tuple<std::_Bind<void (drivers::STM32HardwareUART::*(drivers::STM32HardwareUART*))()> > >]	24	static
stl_tree.h:1186:7:std::_Rb_tree<_Key, _Val, _KeyOfValue, _Compare, _Alloc>::iterator std::_Rb_tree<_Key, _Val, _KeyOfValue, _Compare, _Alloc>::lower_bound(const key_type&) [with _Key = const UART_HandleTypeDef*; _Val = std::pair<const UART_HandleTypeDef* const, drivers::STM32HardwareUART*>; _KeyOfValue = std::_Select1st<std::pair<const UART_HandleTypeDef* const, drivers::STM32HardwareUART*> >; _Compare = std::less<const UART_HandleTypeDef*>; _Alloc = std::allocator<std::pair<const UART_HandleTypeDef* const, drivers::STM32HardwareUART*> >]	24	static
stl_tree.h:968:7:std::_Rb_tree<_Key, _Val, _KeyOfValue, _Compare, _Alloc>::iterator std::_Rb_tree<_Key, _Val, _KeyOfValue, _Compare, _Alloc>::end() [with _Key = const UART_HandleTypeDef*; _Val = std::pair<const UART_HandleTypeDef* const, drivers::STM32HardwareUART*>; _KeyOfValue = std::_Select1st<std::pair<const UART_HandleTypeDef* const, drivers::STM32HardwareUART*> >; _Compare = std::less<const UART_HandleTypeDef*>; _Alloc = std::allocator<std::pair<const UART_HandleTypeDef* const, drivers::STM32HardwareUART*> >]	24	static
stl_tree.h:956:7:_Compare std::_Rb_tree<_Key, _Val, _KeyOfValue, _Compare, _Alloc>::key_comp() const [with _Key = const UART_HandleTypeDef*; _Val = std::pair<const UART_HandleTypeDef* const, drivers::STM32HardwareUART*>; _KeyOfValue = std::_Select1st<std::pair<const UART_HandleTypeDef* const, drivers::STM32HardwareUART*> >; _Compare = std::less<const UART_HandleTypeDef*>; _Alloc = std::allocator<std::pair<const UART_HandleTypeDef* const, drivers::STM32HardwareUART*> >]	16	static
stl_tree.h:234:7:_Val* std::_Rb_tree_node<_Val>::_M_valptr() [with _Val = std::pair<const UART_HandleTypeDef* const, drivers::STM32HardwareUART*>]	16	static
stl_tree.h:640:9:) [with _Args = {const std::piecewise_construct_t&, std::tuple<const UART_HandleTypeDef*&&>, std::tuple<>}; _Key = const UART_HandleTypeDef*; _Val = std::pair<const UART_HandleTypeDef* const, drivers::STM32HardwareUART*>; _KeyOfValue = std::_Select1st<std::pair<const UART_HandleTypeDef* const, drivers::STM32HardwareUART*> >; _Compare = std::less<const UART_HandleTypeDef*>; _Alloc = std::allocator<std::pair<const UART_HandleTypeDef* const, drivers::STM32HardwareUART*> >]	48	static
stl_pair.h:314:18:constexpr std::pair<_T1, _T2>::pair(const _T1&, _U2&&) [with _U2 = std::_Rb_tree_node_base*&; typename std::enable_if<std::_PCC<true, _T1, _T2>::_CopyMovePair<true, _T1, _U2>(), bool>::type <anonymous> = 1; _T1 = std::_Rb_tree_node_base*; _T2 = std::_Rb_tree_node_base*]	24	static
stl_pair.h:330:12:constexpr std::pair<_T1, _T2>::pair(_U1&&, _U2&&) [with _U1 = std::_Rb_tree_node_base*&; _U2 = std::_Rb_tree_node_base*&; typename std::enable_if<(std::_PCC<true, _T1, _T2>::_MoveConstructiblePair<_U1, _U2>() && std::_PCC<true, _T1, _T2>::_ImplicitlyMoveConvertiblePair<_U1, _U2>()), bool>::type <anonymous> = 1; _T1 = std::_Rb_tree_node_base*; _T2 = std::_Rb_tree_node_base*]	24	static
stl_tree.h:2130:5:std::pair<std::_Rb_tree_node_base*, std::_Rb_tree_node_base*> std::_Rb_tree<_Key, _Val, _KeyOfValue, _Compare, _Alloc>::_M_get_insert_hint_unique_pos(std::_Rb_tree<_Key, _Val, _KeyOfValue, _Compare, _Alloc>::const_iterator, const key_type&) [with _Key = const UART_HandleTypeDef*; _Val = std::pair<const UART_HandleTypeDef* const, drivers::STM32HardwareUART*>; _KeyOfValue = std::_Select1st<std::pair<const UART_HandleTypeDef* const, drivers::STM32HardwareUART*> >; _Compare = std::less<const UART_HandleTypeDef*>; _Alloc = std::allocator<std::pair<const UART_HandleTypeDef* const, drivers::STM32HardwareUART*> >]	64	static
stl_tree.h:1186:7:std::_Rb_tree<_Key, _Val, _KeyOfValue, _Compare, _Alloc>::iterator std::_Rb_tree<_Key, _Val, _KeyOfValue, _Compare, _Alloc>::lower_bound(const key_type&) [with _Key = const long int; _Val = std::pair<const long int, drivers::STM32HardwareUART*>; _KeyOfValue = std::_Select1st<std::pair<const long int, drivers::STM32HardwareUART*> >; _Compare = std::less<const long int>; _Alloc = std::allocator<std::pair<const long int, drivers::STM32HardwareUART*> >]	24	static
stl_tree.h:968:7:std::_Rb_tree<_Key, _Val, _KeyOfValue, _Compare, _Alloc>::iterator std::_Rb_tree<_Key, _Val, _KeyOfValue, _Compare, _Alloc>::end() [with _Key = const long int; _Val = std::pair<const long int, drivers::STM32HardwareUART*>; _KeyOfValue = std::_Select1st<std::pair<const long int, drivers::STM32HardwareUART*> >; _Compare = std::less<const long int>; _Alloc = std::allocator<std::pair<const long int, drivers::STM32HardwareUART*> >]	24	static
stl_tree.h:956:7:_Compare std::_Rb_tree<_Key, _Val, _KeyOfValue, _Compare, _Alloc>::key_comp() const [with _Key = const long int; _Val = std::pair<const long int, drivers::STM32HardwareUART*>; _KeyOfValue = std::_Select1st<std::pair<const long int, drivers::STM32HardwareUART*> >; _Compare = std::less<const long int>; _Alloc = std::allocator<std::pair<const long int, drivers::STM32HardwareUART*> >]	16	static
stl_tree.h:234:7:_Val* std::_Rb_tree_node<_Val>::_M_valptr() [with _Val = std::pair<const long int, drivers::STM32HardwareUART*>]	16	static
stl_tree.h:640:9:) [with _Args = {const std::piecewise_construct_t&, std::tuple<const long int&&>, std::tuple<>}; _Key = const long int; _Val = std::pair<const long int, drivers::STM32HardwareUART*>; _KeyOfValue = std::_Select1st<std::pair<const long int, drivers::STM32HardwareUART*> >; _Compare = std::less<const long int>; _Alloc = std::allocator<std::pair<const long int, drivers::STM32HardwareUART*> >]	48	static
stl_tree.h:2130:5:std::pair<std::_Rb_tree_node_base*, std::_Rb_tree_node_base*> std::_Rb_tree<_Key, _Val, _KeyOfValue, _Compare, _Alloc>::_M_get_insert_hint_unique_pos(std::_Rb_tree<_Key, _Val, _KeyOfValue, _Compare, _Alloc>::const_iterator, const key_type&) [with _Key = const long int; _Val = std::pair<const long int, drivers::STM32HardwareUART*>; _KeyOfValue = std::_Select1st<std::pair<const long int, drivers::STM32HardwareUART*> >; _Compare = std::less<const long int>; _Alloc = std::allocator<std::pair<const long int, drivers::STM32HardwareUART*> >]	64	static
stl_tree.h:648:7:void std::_Rb_tree<_Key, _Val, _KeyOfValue, _Compare, _Alloc>::_M_destroy_node(std::_Rb_tree<_Key, _Val, _KeyOfValue, _Compare, _Alloc>::_Link_type) [with _Key = const UART_HandleTypeDef*; _Val = std::pair<const UART_HandleTypeDef* const, drivers::STM32HardwareUART*>; _KeyOfValue = std::_Select1st<std::pair<const UART_HandleTypeDef* const, drivers::STM32HardwareUART*> >; _Compare = std::less<const UART_HandleTypeDef*>; _Alloc = std::allocator<std::pair<const UART_HandleTypeDef* const, drivers::STM32HardwareUART*> >]	24	static
stl_tree.h:591:7:void std::_Rb_tree<_Key, _Val, _KeyOfValue, _Compare, _Alloc>::_M_put_node(std::_Rb_tree<_Key, _Val, _KeyOfValue, _Compare, _Alloc>::_Link_type) [with _Key = const UART_HandleTypeDef*; _Val = std::pair<const UART_HandleTypeDef* const, drivers::STM32HardwareUART*>; _KeyOfValue = std::_Select1st<std::pair<const UART_HandleTypeDef* const, drivers::STM32HardwareUART*> >; _Compare = std::less<const UART_HandleTypeDef*>; _Alloc = std::allocator<std::pair<const UART_HandleTypeDef* const, drivers::STM32HardwareUART*> >]	16	static
stl_tree.h:648:7:void std::_Rb_tree<_Key, _Val, _KeyOfValue, _Compare, _Alloc>::_M_destroy_node(std::_Rb_tree<_Key, _Val, _KeyOfValue, _Compare, _Alloc>::_Link_type) [with _Key = const long int; _Val = std::pair<const long int, drivers::STM32HardwareUART*>; _KeyOfValue = std::_Select1st<std::pair<const long int, drivers::STM32HardwareUART*> >; _Compare = std::less<const long int>; _Alloc = std::allocator<std::pair<const long int, drivers::STM32HardwareUART*> >]	24	static
stl_tree.h:591:7:void std::_Rb_tree<_Key, _Val, _KeyOfValue, _Compare, _Alloc>::_M_put_node(std::_Rb_tree<_Key, _Val, _KeyOfValue, _Compare, _Alloc>::_Link_type) [with _Key = const long int; _Val = std::pair<const long int, drivers::STM32HardwareUART*>; _KeyOfValue = std::_Select1st<std::pair<const long int, drivers::STM32HardwareUART*> >; _Compare = std::less<const long int>; _Alloc = std::allocator<std::pair<const long int, drivers::STM32HardwareUART*> >]	16	static
stl_tree.h:587:7:std::_Rb_tree_node<_Val>* std::_Rb_tree<_Key, _Val, _KeyOfValue, _Compare, _Alloc>::_M_get_node() [with _Key = const UART_HandleTypeDef*; _Val = std::pair<const UART_HandleTypeDef* const, drivers::STM32HardwareUART*>; _KeyOfValue = std::_Select1st<std::pair<const UART_HandleTypeDef* const, drivers::STM32HardwareUART*> >; _Compare = std::less<const UART_HandleTypeDef*>; _Alloc = std::allocator<std::pair<const UART_HandleTypeDef* const, drivers::STM32HardwareUART*> >]	16	static
stl_tree.h:621:2:) [with _Args = {UART_HandleTypeDef*, drivers::STM32HardwareUART*}; _Key = const UART_HandleTypeDef*; _Val = std::pair<const UART_HandleTypeDef* const, drivers::STM32HardwareUART*>; _KeyOfValue = std::_Select1st<std::pair<const UART_HandleTypeDef* const, drivers::STM32HardwareUART*> >; _Compare = std::less<const UART_HandleTypeDef*>; _Alloc = std::allocator<std::pair<const UART_HandleTypeDef* const, drivers::STM32HardwareUART*> >]	40	static
stl_tree.h:747:7:std::_Rb_tree_node_base* std::_Rb_tree<_Key, _Val, _KeyOfValue, _Compare, _Alloc>::_M_end() [with _Key = const UART_HandleTypeDef*; _Val = std::pair<const UART_HandleTypeDef* const, drivers::STM32HardwareUART*>; _KeyOfValue = std::_Select1st<std::pair<const UART_HandleTypeDef* const, drivers::STM32HardwareUART*> >; _Compare = std::less<const UART_HandleTypeDef*>; _Alloc = std::allocator<std::pair<const UART_HandleTypeDef* const, drivers::STM32HardwareUART*> >]	16	static
stl_tree.h:960:7:std::_Rb_tree<_Key, _Val, _KeyOfValue, _Compare, _Alloc>::iterator std::_Rb_tree<_Key, _Val, _KeyOfValue, _Compare, _Alloc>::begin() [with _Key = const UART_HandleTypeDef*; _Val = std::pair<const UART_HandleTypeDef* const, drivers::STM32HardwareUART*>; _KeyOfValue = std::_Select1st<std::pair<const UART_HandleTypeDef* const, drivers::STM32HardwareUART*> >; _Compare = std::less<const UART_HandleTypeDef*>; _Alloc = std::allocator<std::pair<const UART_HandleTypeDef* const, drivers::STM32HardwareUART*> >]	24	static
stl_tree.h:300:7:std::_Rb_tree_iterator<_Tp>::_Self& std::_Rb_tree_iterator<_Tp>::operator--() [with _Tp = std::pair<const UART_HandleTypeDef* const, drivers::STM32HardwareUART*>]	16	static
stl_tree.h:783:7:static const _Key& std::_Rb_tree<_Key, _Val, _KeyOfValue, _Compare, _Alloc>::_S_key(std::_Rb_tree<_Key, _Val, _KeyOfValue, _Compare, _Alloc>::_Const_Base_ptr) [with _Key = const UART_HandleTypeDef*; _Val = std::pair<const UART_HandleTypeDef* const, drivers::STM32HardwareUART*>; _KeyOfValue = std::_Select1st<std::pair<const UART_HandleTypeDef* const, drivers::STM32HardwareUART*> >; _Compare = std::less<const UART_HandleTypeDef*>; _Alloc = std::allocator<std::pair<const UART_HandleTypeDef* const, drivers::STM32HardwareUART*> >]	24	static
stl_tree.h:755:7:static const value_type& std::_Rb_tree<_Key, _Val, _KeyOfValue, _Compare, _Alloc>::_S_value(std::_Rb_tree<_Key, _Val, _KeyOfValue, _Compare, _Alloc>::_Const_Link_type) [with _Key = const UART_HandleTypeDef*; _Val = std::pair<const UART_HandleTypeDef* const, drivers::STM32HardwareUART*>; _KeyOfValue = std::_Select1st<std::pair<const UART_HandleTypeDef* const, drivers::STM32HardwareUART*> >; _Compare = std::less<const UART_HandleTypeDef*>; _Alloc = std::allocator<std::pair<const UART_HandleTypeDef* const, drivers::STM32HardwareUART*> >]	16	static
stl_function.h:890:7:const typename _Pair::first_type& std::_Select1st<_Pair>::operator()(const _Pair&) const [with _Pair = std::pair<const UART_HandleTypeDef* const, drivers::STM32HardwareUART*>]	16	static
move.h:73:5:constexpr _Tp&& std::forward(typename std::remove_reference<_From>::type&) [with _Tp = bool]	16	static
stl_tree.h:587:7:std::_Rb_tree_node<_Val>* std::_Rb_tree<_Key, _Val, _KeyOfValue, _Compare, _Alloc>::_M_get_node() [with _Key = const long int; _Val = std::pair<const long int, drivers::STM32HardwareUART*>; _KeyOfValue = std::_Select1st<std::pair<const long int, drivers::STM32HardwareUART*> >; _Compare = std::less<const long int>; _Alloc = std::allocator<std::pair<const long int, drivers::STM32HardwareUART*> >]	16	static
stl_tree.h:621:2:) [with _Args = {int, drivers::STM32HardwareUART*}; _Key = const long int; _Val = std::pair<const long int, drivers::STM32HardwareUART*>; _KeyOfValue = std::_Select1st<std::pair<const long int, drivers::STM32HardwareUART*> >; _Compare = std::less<const long int>; _Alloc = std::allocator<std::pair<const long int, drivers::STM32HardwareUART*> >]	40	static
stl_tree.h:747:7:std::_Rb_tree_node_base* std::_Rb_tree<_Key, _Val, _KeyOfValue, _Compare, _Alloc>::_M_end() [with _Key = const long int; _Val = std::pair<const long int, drivers::STM32HardwareUART*>; _KeyOfValue = std::_Select1st<std::pair<const long int, drivers::STM32HardwareUART*> >; _Compare = std::less<const long int>; _Alloc = std::allocator<std::pair<const long int, drivers::STM32HardwareUART*> >]	16	static
stl_tree.h:960:7:std::_Rb_tree<_Key, _Val, _KeyOfValue, _Compare, _Alloc>::iterator std::_Rb_tree<_Key, _Val, _KeyOfValue, _Compare, _Alloc>::begin() [with _Key = const long int; _Val = std::pair<const long int, drivers::STM32HardwareUART*>; _KeyOfValue = std::_Select1st<std::pair<const long int, drivers::STM32HardwareUART*> >; _Compare = std::less<const long int>; _Alloc = std::allocator<std::pair<const long int, drivers::STM32HardwareUART*> >]	24	static
stl_tree.h:300:7:std::_Rb_tree_iterator<_Tp>::_Self& std::_Rb_tree_iterator<_Tp>::operator--() [with _Tp = std::pair<const long int, drivers::STM32HardwareUART*>]	16	static
stl_tree.h:783:7:static const _Key& std::_Rb_tree<_Key, _Val, _KeyOfValue, _Compare, _Alloc>::_S_key(std::_Rb_tree<_Key, _Val, _KeyOfValue, _Compare, _Alloc>::_Const_Base_ptr) [with _Key = const long int; _Val = std::pair<const long int, drivers::STM32HardwareUART*>; _KeyOfValue = std::_Select1st<std::pair<const long int, drivers::STM32HardwareUART*> >; _Compare = std::less<const long int>; _Alloc = std::allocator<std::pair<const long int, drivers::STM32HardwareUART*> >]	24	static
stl_tree.h:755:7:static const value_type& std::_Rb_tree<_Key, _Val, _KeyOfValue, _Compare, _Alloc>::_S_value(std::_Rb_tree<_Key, _Val, _KeyOfValue, _Compare, _Alloc>::_Const_Link_type) [with _Key = const long int; _Val = std::pair<const long int, drivers::STM32HardwareUART*>; _KeyOfValue = std::_Select1st<std::pair<const long int, drivers::STM32HardwareUART*> >; _Compare = std::less<const long int>; _Alloc = std::allocator<std::pair<const long int, drivers::STM32HardwareUART*> >]	16	static
stl_function.h:890:7:const typename _Pair::first_type& std::_Select1st<_Pair>::operator()(const _Pair&) const [with _Pair = std::pair<const long int, drivers::STM32HardwareUART*>]	16	static
tuple:365:19:constexpr std::_Tuple_impl<_Idx, _Head>::_Tuple_impl(_UHead&&) [with _UHead = drivers::STM32HardwareUART*; unsigned int _Idx = 0; _Head = drivers::STM32HardwareUART*]	24	static
tuple:132:19:constexpr std::_Head_base<_Idx, _Head, false>::_Head_base(_UHead&&) [with _UHead = std::_Bind<void (drivers::STM32HardwareUART::*(drivers::STM32HardwareUART*))()>; unsigned int _Idx = 0; _Head = std::_Bind<void (drivers::STM32HardwareUART::*(drivers::STM32HardwareUART*))()>]	24	static
functional:465:2:_Indexes = {0}; _Functor = void (drivers::STM32HardwareUART::*)(); _Bound_args = {drivers::STM32HardwareUART*}]	40	static
stl_tree.h:1867:5:std::_Rb_tree<_Key, _Val, _KeyOfValue, _Compare, _Alloc>::iterator std::_Rb_tree<_Key, _Val, _KeyOfValue, _Compare, _Alloc>::_M_lower_bound(std::_Rb_tree<_Key, _Val, _KeyOfValue, _Compare, _Alloc>::_Link_type, std::_Rb_tree<_Key, _Val, _KeyOfValue, _Compare, _Alloc>::_Base_ptr, const _Key&) [with _Key = const UART_HandleTypeDef*; _Val = std::pair<const UART_HandleTypeDef* const, drivers::STM32HardwareUART*>; _KeyOfValue = std::_Select1st<std::pair<const UART_HandleTypeDef* const, drivers::STM32HardwareUART*> >; _Compare = std::less<const UART_HandleTypeDef*>; _Alloc = std::allocator<std::pair<const UART_HandleTypeDef* const, drivers::STM32HardwareUART*> >]	40	static
aligned_buffer.h:70:7:_Tp* __gnu_cxx::__aligned_membuf<_Tp>::_M_ptr() [with _Tp = std::pair<const UART_HandleTypeDef* const, drivers::STM32HardwareUART*>]	16	static
stl_tree.h:621:2:) [with _Args = {const std::piecewise_construct_t&, std::tuple<const UART_HandleTypeDef*&&>, std::tuple<>}; _Key = const UART_HandleTypeDef*; _Val = std::pair<const UART_HandleTypeDef* const, drivers::STM32HardwareUART*>; _KeyOfValue = std::_Select1st<std::pair<const UART_HandleTypeDef* const, drivers::STM32HardwareUART*> >; _Compare = std::less<const UART_HandleTypeDef*>; _Alloc = std::allocator<std::pair<const UART_HandleTypeDef* const, drivers::STM32HardwareUART*> >]	48	static
stl_tree.h:352:7:std::_Rb_tree_const_iterator<_Tp>::iterator std::_Rb_tree_const_iterator<_Tp>::_M_const_cast() const [with _Tp = std::pair<const UART_HandleTypeDef* const, drivers::STM32HardwareUART*>]	24	static
stl_tree.h:996:7:std::_Rb_tree<_Key, _Val, _KeyOfValue, _Compare, _Alloc>::size_type std::_Rb_tree<_Key, _Val, _KeyOfValue, _Compare, _Alloc>::size() const [with _Key = const UART_HandleTypeDef*; _Val = std::pair<const UART_HandleTypeDef* const, drivers::STM32HardwareUART*>; _KeyOfValue = std::_Select1st<std::pair<const UART_HandleTypeDef* const, drivers::STM32HardwareUART*> >; _Compare = std::less<const UART_HandleTypeDef*>; _Alloc = std::allocator<std::pair<const UART_HandleTypeDef* const, drivers::STM32HardwareUART*> >]	16	static
stl_tree.h:728:7:std::_Rb_tree_node_base*& std::_Rb_tree<_Key, _Val, _KeyOfValue, _Compare, _Alloc>::_M_rightmost() [with _Key = const UART_HandleTypeDef*; _Val = std::pair<const UART_HandleTypeDef* const, drivers::STM32HardwareUART*>; _KeyOfValue = std::_Select1st<std::pair<const UART_HandleTypeDef* const, drivers::STM32HardwareUART*> >; _Compare = std::less<const UART_HandleTypeDef*>; _Alloc = std::allocator<std::pair<const UART_HandleTypeDef* const, drivers::STM32HardwareUART*> >]	16	static
stl_tree.h:720:7:std::_Rb_tree_node_base*& std::_Rb_tree<_Key, _Val, _KeyOfValue, _Compare, _Alloc>::_M_leftmost() [with _Key = const UART_HandleTypeDef*; _Val = std::pair<const UART_HandleTypeDef* const, drivers::STM32HardwareUART*>; _KeyOfValue = std::_Select1st<std::pair<const UART_HandleTypeDef* const, drivers::STM32HardwareUART*> >; _Compare = std::less<const UART_HandleTypeDef*>; _Alloc = std::allocator<std::pair<const UART_HandleTypeDef* const, drivers::STM32HardwareUART*> >]	16	static
stl_tree.h:285:7:std::_Rb_tree_iterator<_Tp>::_Self& std::_Rb_tree_iterator<_Tp>::operator++() [with _Tp = std::pair<const UART_HandleTypeDef* const, drivers::STM32HardwareUART*>]	16	static
stl_tree.h:1867:5:std::_Rb_tree<_Key, _Val, _KeyOfValue, _Compare, _Alloc>::iterator std::_Rb_tree<_Key, _Val, _KeyOfValue, _Compare, _Alloc>::_M_lower_bound(std::_Rb_tree<_Key, _Val, _KeyOfValue, _Compare, _Alloc>::_Link_type, std::_Rb_tree<_Key, _Val, _KeyOfValue, _Compare, _Alloc>::_Base_ptr, const _Key&) [with _Key = const long int; _Val = std::pair<const long int, drivers::STM32HardwareUART*>; _KeyOfValue = std::_Select1st<std::pair<const long int, drivers::STM32HardwareUART*> >; _Compare = std::less<const long int>; _Alloc = std::allocator<std::pair<const long int, drivers::STM32HardwareUART*> >]	40	static
aligned_buffer.h:70:7:_Tp* __gnu_cxx::__aligned_membuf<_Tp>::_M_ptr() [with _Tp = std::pair<const long int, drivers::STM32HardwareUART*>]	16	static
stl_tree.h:621:2:) [with _Args = {const std::piecewise_construct_t&, std::tuple<const long int&&>, std::tuple<>}; _Key = const long int; _Val = std::pair<const long int, drivers::STM32HardwareUART*>; _KeyOfValue = std::_Select1st<std::pair<const long int, drivers::STM32HardwareUART*> >; _Compare = std::less<const long int>; _Alloc = std::allocator<std::pair<const long int, drivers::STM32HardwareUART*> >]	48	static
stl_tree.h:352:7:std::_Rb_tree_const_iterator<_Tp>::iterator std::_Rb_tree_const_iterator<_Tp>::_M_const_cast() const [with _Tp = std::pair<const long int, drivers::STM32HardwareUART*>]	24	static
stl_tree.h:996:7:std::_Rb_tree<_Key, _Val, _KeyOfValue, _Compare, _Alloc>::size_type std::_Rb_tree<_Key, _Val, _KeyOfValue, _Compare, _Alloc>::size() const [with _Key = const long int; _Val = std::pair<const long int, drivers::STM32HardwareUART*>; _KeyOfValue = std::_Select1st<std::pair<const long int, drivers::STM32HardwareUART*> >; _Compare = std::less<const long int>; _Alloc = std::allocator<std::pair<const long int, drivers::STM32HardwareUART*> >]	16	static
stl_tree.h:728:7:std::_Rb_tree_node_base*& std::_Rb_tree<_Key, _Val, _KeyOfValue, _Compare, _Alloc>::_M_rightmost() [with _Key = const long int; _Val = std::pair<const long int, drivers::STM32HardwareUART*>; _KeyOfValue = std::_Select1st<std::pair<const long int, drivers::STM32HardwareUART*> >; _Compare = std::less<const long int>; _Alloc = std::allocator<std::pair<const long int, drivers::STM32HardwareUART*> >]	16	static
stl_tree.h:720:7:std::_Rb_tree_node_base*& std::_Rb_tree<_Key, _Val, _KeyOfValue, _Compare, _Alloc>::_M_leftmost() [with _Key = const long int; _Val = std::pair<const long int, drivers::STM32HardwareUART*>; _KeyOfValue = std::_Select1st<std::pair<const long int, drivers::STM32HardwareUART*> >; _Compare = std::less<const long int>; _Alloc = std::allocator<std::pair<const long int, drivers::STM32HardwareUART*> >]	16	static
stl_tree.h:285:7:std::_Rb_tree_iterator<_Tp>::_Self& std::_Rb_tree_iterator<_Tp>::operator++() [with _Tp = std::pair<const long int, drivers::STM32HardwareUART*>]	16	static
stl_tree.h:574:7:std::_Rb_tree<_Key, _Val, _KeyOfValue, _Compare, _Alloc>::_Node_allocator& std::_Rb_tree<_Key, _Val, _KeyOfValue, _Compare, _Alloc>::_M_get_Node_allocator() [with _Key = const UART_HandleTypeDef*; _Val = std::pair<const UART_HandleTypeDef* const, drivers::STM32HardwareUART*>; _KeyOfValue = std::_Select1st<std::pair<const UART_HandleTypeDef* const, drivers::STM32HardwareUART*> >; _Compare = std::less<const UART_HandleTypeDef*>; _Alloc = std::allocator<std::pair<const UART_HandleTypeDef* const, drivers::STM32HardwareUART*> >]	16	static
alloc_traits.h:486:2:static void std::allocator_traits<std::allocator<_Tp1> >::destroy(std::allocator_traits<std::allocator<_Tp1> >::allocator_type&, _Up*) [with _Up = std::pair<const UART_HandleTypeDef* const, drivers::STM32HardwareUART*>; _Tp = std::_Rb_tree_node<std::pair<const UART_HandleTypeDef* const, drivers::STM32HardwareUART*> >]	16	static
alloc_traits.h:461:7:static void std::allocator_traits<std::allocator<_Tp1> >::deallocate(std::allocator_traits<std::allocator<_Tp1> >::allocator_type&, std::allocator_traits<std::allocator<_Tp1> >::pointer, std::allocator_traits<std::allocator<_Tp1> >::size_type) [with _Tp = std::_Rb_tree_node<std::pair<const UART_HandleTypeDef* const, drivers::STM32HardwareUART*> >]	24	static
stl_tree.h:574:7:std::_Rb_tree<_Key, _Val, _KeyOfValue, _Compare, _Alloc>::_Node_allocator& std::_Rb_tree<_Key, _Val, _KeyOfValue, _Compare, _Alloc>::_M_get_Node_allocator() [with _Key = const long int; _Val = std::pair<const long int, drivers::STM32HardwareUART*>; _KeyOfValue = std::_Select1st<std::pair<const long int, drivers::STM32HardwareUART*> >; _Compare = std::less<const long int>; _Alloc = std::allocator<std::pair<const long int, drivers::STM32HardwareUART*> >]	16	static
alloc_traits.h:486:2:static void std::allocator_traits<std::allocator<_Tp1> >::destroy(std::allocator_traits<std::allocator<_Tp1> >::allocator_type&, _Up*) [with _Up = std::pair<const long int, drivers::STM32HardwareUART*>; _Tp = std::_Rb_tree_node<std::pair<const long int, drivers::STM32HardwareUART*> >]	16	static
alloc_traits.h:461:7:static void std::allocator_traits<std::allocator<_Tp1> >::deallocate(std::allocator_traits<std::allocator<_Tp1> >::allocator_type&, std::allocator_traits<std::allocator<_Tp1> >::pointer, std::allocator_traits<std::allocator<_Tp1> >::size_type) [with _Tp = std::_Rb_tree_node<std::pair<const long int, drivers::STM32HardwareUART*> >]	24	static
alloc_traits.h:435:7:static _Tp* std::allocator_traits<std::allocator<_Tp1> >::allocate(std::allocator_traits<std::allocator<_Tp1> >::allocator_type&, std::allocator_traits<std::allocator<_Tp1> >::size_type) [with _Tp = std::_Rb_tree_node<std::pair<const UART_HandleTypeDef* const, drivers::STM32HardwareUART*> >]	16	static
alloc_traits.h:474:2:) [with _Up = std::pair<const UART_HandleTypeDef* const, drivers::STM32HardwareUART*>; _Args = {UART_HandleTypeDef*, drivers::STM32HardwareUART*}; _Tp = std::_Rb_tree_node<std::pair<const UART_HandleTypeDef* const, drivers::STM32HardwareUART*> >]	32	static
stl_tree.h:779:7:static const value_type& std::_Rb_tree<_Key, _Val, _KeyOfValue, _Compare, _Alloc>::_S_value(std::_Rb_tree<_Key, _Val, _KeyOfValue, _Compare, _Alloc>::_Const_Base_ptr) [with _Key = const UART_HandleTypeDef*; _Val = std::pair<const UART_HandleTypeDef* const, drivers::STM32HardwareUART*>; _KeyOfValue = std::_Select1st<std::pair<const UART_HandleTypeDef* const, drivers::STM32HardwareUART*> >; _Compare = std::less<const UART_HandleTypeDef*>; _Alloc = std::allocator<std::pair<const UART_HandleTypeDef* const, drivers::STM32HardwareUART*> >]	16	static
stl_tree.h:238:7:const _Val* std::_Rb_tree_node<_Val>::_M_valptr() const [with _Val = std::pair<const UART_HandleTypeDef* const, drivers::STM32HardwareUART*>]	16	static
alloc_traits.h:435:7:static _Tp* std::allocator_traits<std::allocator<_Tp1> >::allocate(std::allocator_traits<std::allocator<_Tp1> >::allocator_type&, std::allocator_traits<std::allocator<_Tp1> >::size_type) [with _Tp = std::_Rb_tree_node<std::pair<const long int, drivers::STM32HardwareUART*> >]	16	static
alloc_traits.h:474:2:) [with _Up = std::pair<const long int, drivers::STM32HardwareUART*>; _Args = {int, drivers::STM32HardwareUART*}; _Tp = std::_Rb_tree_node<std::pair<const long int, drivers::STM32HardwareUART*> >]	32	static
stl_tree.h:779:7:static const value_type& std::_Rb_tree<_Key, _Val, _KeyOfValue, _Compare, _Alloc>::_S_value(std::_Rb_tree<_Key, _Val, _KeyOfValue, _Compare, _Alloc>::_Const_Base_ptr) [with _Key = const long int; _Val = std::pair<const long int, drivers::STM32HardwareUART*>; _KeyOfValue = std::_Select1st<std::pair<const long int, drivers::STM32HardwareUART*> >; _Compare = std::less<const long int>; _Alloc = std::allocator<std::pair<const long int, drivers::STM32HardwareUART*> >]	16	static
stl_tree.h:238:7:const _Val* std::_Rb_tree_node<_Val>::_M_valptr() const [with _Val = std::pair<const long int, drivers::STM32HardwareUART*>]	16	static
tuple:1314:5:>&) [with unsigned int __i = 0; _Elements = {drivers::STM32HardwareUART*}]	16	static
functional:430:2:_CVArg&& std::_Mu<_Arg, false, false>::operator()(_CVArg&&, _Tuple&) const volatile [with _CVArg = drivers::STM32HardwareUART*&; _Tuple = std::tuple<>; _Arg = drivers::STM32HardwareUART*]	24	static
move.h:73:5:constexpr _Tp&& std::forward(typename std::remove_reference<_From>::type&) [with _Tp = void (drivers::STM32HardwareUART::*&)()]	16	static
move.h:73:5:constexpr _Tp&& std::forward(typename std::remove_reference<_From>::type&) [with _Tp = drivers::STM32HardwareUART*&]	16	static
invoke.h:89:5:) [with _Callable = void (drivers::STM32HardwareUART::*&)(); _Args = {drivers::STM32HardwareUART*&}]	32	static
aligned_buffer.h:62:7:void* __gnu_cxx::__aligned_membuf<_Tp>::_M_addr() [with _Tp = std::pair<const UART_HandleTypeDef* const, drivers::STM32HardwareUART*>]	16	static
alloc_traits.h:474:2:) [with _Up = std::pair<const UART_HandleTypeDef* const, drivers::STM32HardwareUART*>; _Args = {const std::piecewise_construct_t&, std::tuple<const UART_HandleTypeDef*&&>, std::tuple<>}; _Tp = std::_Rb_tree_node<std::pair<const UART_HandleTypeDef* const, drivers::STM32HardwareUART*> >]	40	static
aligned_buffer.h:62:7:void* __gnu_cxx::__aligned_membuf<_Tp>::_M_addr() [with _Tp = std::pair<const long int, drivers::STM32HardwareUART*>]	16	static
alloc_traits.h:474:2:) [with _Up = std::pair<const long int, drivers::STM32HardwareUART*>; _Args = {const std::piecewise_construct_t&, std::tuple<const long int&&>, std::tuple<>}; _Tp = std::_Rb_tree_node<std::pair<const long int, drivers::STM32HardwareUART*> >]	40	static
new_allocator.h:140:2:void __gnu_cxx::new_allocator<_Tp>::destroy(_Up*) [with _Up = std::pair<const UART_HandleTypeDef* const, drivers::STM32HardwareUART*>; _Tp = std::_Rb_tree_node<std::pair<const UART_HandleTypeDef* const, drivers::STM32HardwareUART*> >]	16	static
new_allocator.h:116:7:void __gnu_cxx::new_allocator<_Tp>::deallocate(__gnu_cxx::new_allocator<_Tp>::pointer, __gnu_cxx::new_allocator<_Tp>::size_type) [with _Tp = std::_Rb_tree_node<std::pair<const UART_HandleTypeDef* const, drivers::STM32HardwareUART*> >]	24	static
new_allocator.h:140:2:void __gnu_cxx::new_allocator<_Tp>::destroy(_Up*) [with _Up = std::pair<const long int, drivers::STM32HardwareUART*>; _Tp = std::_Rb_tree_node<std::pair<const long int, drivers::STM32HardwareUART*> >]	16	static
new_allocator.h:116:7:void __gnu_cxx::new_allocator<_Tp>::deallocate(__gnu_cxx::new_allocator<_Tp>::pointer, __gnu_cxx::new_allocator<_Tp>::size_type) [with _Tp = std::_Rb_tree_node<std::pair<const long int, drivers::STM32HardwareUART*> >]	24	static
new_allocator.h:99:7:_Tp* __gnu_cxx::new_allocator<_Tp>::allocate(__gnu_cxx::new_allocator<_Tp>::size_type, const void*) [with _Tp = std::_Rb_tree_node<std::pair<const UART_HandleTypeDef* const, drivers::STM32HardwareUART*> >]	24	static
new_allocator.h:135:2:) [with _Up = std::pair<const UART_HandleTypeDef* const, drivers::STM32HardwareUART*>; _Args = {UART_HandleTypeDef*, drivers::STM32HardwareUART*}; _Tp = std::_Rb_tree_node<std::pair<const UART_HandleTypeDef* const, drivers::STM32HardwareUART*> >]	32	static
aligned_buffer.h:74:7:const _Tp* __gnu_cxx::__aligned_membuf<_Tp>::_M_ptr() const [with _Tp = std::pair<const UART_HandleTypeDef* const, drivers::STM32HardwareUART*>]	16	static
new_allocator.h:99:7:_Tp* __gnu_cxx::new_allocator<_Tp>::allocate(__gnu_cxx::new_allocator<_Tp>::size_type, const void*) [with _Tp = std::_Rb_tree_node<std::pair<const long int, drivers::STM32HardwareUART*> >]	24	static
new_allocator.h:135:2:) [with _Up = std::pair<const long int, drivers::STM32HardwareUART*>; _Args = {int, drivers::STM32HardwareUART*}; _Tp = std::_Rb_tree_node<std::pair<const long int, drivers::STM32HardwareUART*> >]	32	static
aligned_buffer.h:74:7:const _Tp* __gnu_cxx::__aligned_membuf<_Tp>::_M_ptr() const [with _Tp = std::pair<const long int, drivers::STM32HardwareUART*>]	16	static
tuple:1303:5:>&) [with unsigned int __i = 0; _Head = drivers::STM32HardwareUART*; _Tail = {}]	16	static
invoke.h:70:5:) [with _Res = void; _MemFun = void (drivers::STM32HardwareUART::*&)(); _Tp = drivers::STM32HardwareUART*&; _Args = {}]	24	static
new_allocator.h:135:2:) [with _Up = std::pair<const UART_HandleTypeDef* const, drivers::STM32HardwareUART*>; _Args = {const std::piecewise_construct_t&, std::tuple<const UART_HandleTypeDef*&&>, std::tuple<>}; _Tp = std::_Rb_tree_node<std::pair<const UART_HandleTypeDef* const, drivers::STM32HardwareUART*> >]	48	static
new_allocator.h:135:2:) [with _Up = std::pair<const long int, drivers::STM32HardwareUART*>; _Args = {const std::piecewise_construct_t&, std::tuple<const long int&&>, std::tuple<>}; _Tp = std::_Rb_tree_node<std::pair<const long int, drivers::STM32HardwareUART*> >]	48	static
new_allocator.h:129:7:__gnu_cxx::new_allocator<_Tp>::size_type __gnu_cxx::new_allocator<_Tp>::max_size() const [with _Tp = std::_Rb_tree_node<std::pair<const UART_HandleTypeDef* const, drivers::STM32HardwareUART*> >]	16	static
stl_pair.h:330:12:constexpr std::pair<_T1, _T2>::pair(_U1&&, _U2&&) [with _U1 = UART_HandleTypeDef*; _U2 = drivers::STM32HardwareUART*; typename std::enable_if<(std::_PCC<true, _T1, _T2>::_MoveConstructiblePair<_U1, _U2>() && std::_PCC<true, _T1, _T2>::_ImplicitlyMoveConvertiblePair<_U1, _U2>()), bool>::type <anonymous> = 1; _T1 = const UART_HandleTypeDef* const; _T2 = drivers::STM32HardwareUART*]	24	static
aligned_buffer.h:66:7:const void* __gnu_cxx::__aligned_membuf<_Tp>::_M_addr() const [with _Tp = std::pair<const UART_HandleTypeDef* const, drivers::STM32HardwareUART*>]	16	static
new_allocator.h:129:7:__gnu_cxx::new_allocator<_Tp>::size_type __gnu_cxx::new_allocator<_Tp>::max_size() const [with _Tp = std::_Rb_tree_node<std::pair<const long int, drivers::STM32HardwareUART*> >]	16	static
stl_pair.h:330:12:constexpr std::pair<_T1, _T2>::pair(_U1&&, _U2&&) [with _U1 = int; _U2 = drivers::STM32HardwareUART*; typename std::enable_if<(std::_PCC<true, _T1, _T2>::_MoveConstructiblePair<_U1, _U2>() && std::_PCC<true, _T1, _T2>::_ImplicitlyMoveConvertiblePair<_U1, _U2>()), bool>::type <anonymous> = 1; _T1 = const long int; _T2 = drivers::STM32HardwareUART*]	24	static
aligned_buffer.h:66:7:const void* __gnu_cxx::__aligned_membuf<_Tp>::_M_addr() const [with _Tp = std::pair<const long int, drivers::STM32HardwareUART*>]	16	static
tuple:1636:7:>) [with _Args1 = {const UART_HandleTypeDef*&&}; _Args2 = {}; _T1 = const UART_HandleTypeDef* const; _T2 = drivers::STM32HardwareUART*]	48	static
tuple:1636:7:>) [with _Args1 = {const long int&&}; _Args2 = {}; _T1 = const long int; _T2 = drivers::STM32HardwareUART*]	48	static
tuple:1314:5:>&) [with unsigned int __i = 0; _Elements = {const UART_HandleTypeDef*&&}]	16	static
tuple:1303:5:>&) [with unsigned int __i = 0; _Head = const UART_HandleTypeDef*&&; _Tail = {}]	16	static
tuple:1648:7:_Indexes2 = {}; _T1 = const UART_HandleTypeDef* const; _T2 = drivers::STM32HardwareUART*]	24	static
tuple:1314:5:>&) [with unsigned int __i = 0; _Elements = {const long int&&}]	16	static
tuple:1303:5:>&) [with unsigned int __i = 0; _Head = const long int&&; _Tail = {}]	16	static
tuple:1648:7:_Indexes2 = {}; _T1 = const long int; _T2 = drivers::STM32HardwareUART*]	24	static
ex_thread.hpp:170:10:std_ex::thread::_State_impl<std_ex::thread::_Invoker<std::tuple<std::_Bind<void (drivers::STM32HardwareUART::*(drivers::STM32HardwareUART*))()> > > >::~_State_impl()	16	static
ex_thread.hpp:170:10:virtual std_ex::thread::_State_impl<std_ex::thread::_Invoker<std::tuple<std::_Bind<void (drivers::STM32HardwareUART::*(drivers::STM32HardwareUART*))()> > > >::~_State_impl()	16	static
stl_map.h:294:7:std::map<_Key, _Tp, _Compare, _Alloc>::~map() [with _Key = const long int; _Tp = drivers::STM32HardwareUART*; _Compare = std::less<const long int>; _Alloc = std::allocator<std::pair<const long int, drivers::STM32HardwareUART*> >]	16	static
stl_map.h:294:7:std::map<_Key, _Tp, _Compare, _Alloc>::~map() [with _Key = const UART_HandleTypeDef*; _Tp = drivers::STM32HardwareUART*; _Compare = std::less<const UART_HandleTypeDef*>; _Alloc = std::allocator<std::pair<const UART_HandleTypeDef* const, drivers::STM32HardwareUART*> >]	16	static
stm32_uart.cpp:469:1:void __static_initialization_and_destruction_0(int, int)	16	static
ex_thread.hpp:180:9:void std_ex::thread::_State_impl<_Callable>::_M_run() [with _Callable = std_ex::thread::_Invoker<std::tuple<std::_Bind<void (drivers::STM32HardwareUART::*(drivers::STM32HardwareUART*))()> > >]	16	static
ex_thread.hpp:103:4:_M_invoke(std_ex::thread::_Invoker<_Tuple>::_Indices())) std_ex::thread::_Invoker<_Tuple>::operator()() [with _Tuple = std::tuple<std::_Bind<void (drivers::STM32HardwareUART::*(drivers::STM32HardwareUART*))()> >]	24	static
ex_thread.hpp:94:6:_Ind = {0}; _Tuple = std::tuple<std::_Bind<void (drivers::STM32HardwareUART::*(drivers::STM32HardwareUART*))()> >]	16	static
move.h:98:5:constexpr typename std::remove_reference< <template-parameter-1-1> >::type&& std::move(_Tp&&) [with _Tp = std::tuple<std::_Bind<void (drivers::STM32HardwareUART::*(drivers::STM32HardwareUART*))()> >&]	16	static
tuple:1314:5:>&) [with unsigned int __i = 0; _Elements = {std::_Bind<void (drivers::STM32HardwareUART::*(drivers::STM32HardwareUART*))()>}]	16	static
tuple:1303:5:>&) [with unsigned int __i = 0; _Head = std::_Bind<void (drivers::STM32HardwareUART::*(drivers::STM32HardwareUART*))()>; _Tail = {}]	16	static
tuple:1326:5:>&&) [with unsigned int __i = 0; _Elements = {std::_Bind<void (drivers::STM32HardwareUART::*(drivers::STM32HardwareUART*))()>}]	16	static
move.h:73:5:constexpr _Tp&& std::forward(typename std::remove_reference<_From>::type&) [with _Tp = std::_Bind<void (drivers::STM32HardwareUART::*(drivers::STM32HardwareUART*))()>&&]	16	static
stm32_uart.cpp:469:1:cpp)	8	static
stm32_uart.cpp:469:1:cpp)	8	static
