cmsis_os.c:7:31:makeFreeRtosPriority	24	static
cmsis_os.c:34:12:inHandlerMode	16	static,ignoring_inline_asm
cmsis_os.c:47:10:osKernelStart	16	static
cmsis_os.c:67:10:osKernelSysTick	8	static
cmsis_os.c:85:9:osKernelRunning	4	static
cmsis_os.c:106:12:osThreadCreate	48	static
cmsis_os.c:126:12:osThreadGetId	8	static
cmsis_os.c:141:10:osThreadTerminate	16	static
cmsis_os.c:156:10:osThreadYield	4	static,ignoring_inline_asm
cmsis_os.c:170:10:osThreadSetPriority	16	static
cmsis_os.c:186:12:osThreadGetPriority	16	static
cmsis_os.c:201:10:osDelay	24	static
cmsis_os.c:236:11:osTimerCreate	24	static
cmsis_os.c:256:10:osTimerStart	24	static
cmsis_os.c:324:10:osTimerStop	24	static
cmsis_os.c:388:11:osMutexCreate	16	static
cmsis_os.c:404:10:osMutexWait	24	static
cmsis_os.c:441:10:osMutexRelease	24	static
cmsis_os.c:462:10:osMutexDelete	16	static
cmsis_os.c:480:15:osSemaphoreCreate	24	static
cmsis_os.c:504:9:osSemaphoreWait	24	static
cmsis_os.c:541:10:osSemaphoreRelease	24	static,ignoring_inline_asm
cmsis_os.c:568:10:osSemaphoreDelete	16	static
cmsis_os.c:601:10:osPoolCreate	32	static
cmsis_os.c:646:7:osPoolAlloc	48	static,ignoring_inline_asm
cmsis_os.c:690:7:osPoolCAlloc	24	static
cmsis_os.c:709:10:osPoolFree	24	static
cmsis_os.c:753:14:osMessageCreate	16	static
cmsis_os.c:768:10:osMessagePut	32	static,ignoring_inline_asm
cmsis_os.c:800:9:osMessageGet	56	static,ignoring_inline_asm
cmsis_os.c:869:11:osMailCreate	40	static
cmsis_os.c:908:7:osMailAlloc	24	static
cmsis_os.c:930:7:osMailCAlloc	24	static
cmsis_os.c:951:10:osMailPut	24	static,ignoring_inline_asm
cmsis_os.c:984:9:osMailGet	56	static,ignoring_inline_asm
cmsis_os.c:1040:10:osMailFree	16	static
cmsis_os.c:1058:10:osThreadSuspend	16	static
cmsis_os.c:1074:10:osThreadResume	16	static
cmsis_os.c:1095:10:osThreadSuspendAll	8	static
cmsis_os.c:1106:10:osThreadResumeAll	8	static
cmsis_os.c:1118:10:osThreadIsSuspended	16	static
cmsis_os.c:1137:10:osDelayUntil	24	static
cmsis_os.c:1160:10:osThreadList	16	static
cmsis_os.c:1174:9:osMessagePeek	48	static
cmsis_os.c:1215:11:osRecursiveMutexCreate	16	static
cmsis_os.c:1230:10:osRecursiveMutexRelease	24	static
cmsis_os.c:1251:10:osRecursiveMutexWait	24	static
