stm32f3xx_hal_uart.c:294:19:HAL_UART_Init	16	static
stm32f3xx_hal_uart.c:357:19:HAL_HalfDuplex_Init	16	static
stm32f3xx_hal_uart.c:420:19:HAL_LIN_Init	16	static
stm32f3xx_hal_uart.c:507:19:HAL_MultiProcessor_Init	24	static
stm32f3xx_hal_uart.c:571:19:HAL_UART_DeInit	16	static
stm32f3xx_hal_uart.c:609:13:HAL_UART_MspInit	16	static
stm32f3xx_hal_uart.c:624:13:HAL_UART_MspDeInit	16	static
stm32f3xx_hal_uart.c:723:19:HAL_UART_Transmit	40	static
stm32f3xx_hal_uart.c:792:19:HAL_UART_Receive	48	static
stm32f3xx_hal_uart.c:863:19:HAL_UART_Transmit_IT	24	static
stm32f3xx_hal_uart.c:904:19:HAL_UART_Receive_IT	24	static
stm32f3xx_hal_uart.c:954:19:HAL_UART_Transmit_DMA	24	static
stm32f3xx_hal_uart.c:1022:19:HAL_UART_Receive_DMA	24	static
stm32f3xx_hal_uart.c:1085:19:HAL_UART_DMAPause	16	static
stm32f3xx_hal_uart.c:1118:19:HAL_UART_DMAResume	16	static
stm32f3xx_hal_uart.c:1152:19:HAL_UART_DMAStop	16	static
stm32f3xx_hal_uart.c:1206:19:HAL_UART_Abort	16	static
stm32f3xx_hal_uart.c:1273:19:HAL_UART_AbortTransmit	16	static
stm32f3xx_hal_uart.c:1315:19:HAL_UART_AbortReceive	16	static
stm32f3xx_hal_uart.c:1363:19:HAL_UART_Abort_IT	24	static
stm32f3xx_hal_uart.c:1488:19:HAL_UART_AbortTransmit_IT	16	static
stm32f3xx_hal_uart.c:1553:19:HAL_UART_AbortReceive_IT	16	static
stm32f3xx_hal_uart.c:1616:6:HAL_UART_IRQHandler	32	static
stm32f3xx_hal_uart.c:1768:13:HAL_UART_TxCpltCallback	16	static
stm32f3xx_hal_uart.c:1783:13:HAL_UART_TxHalfCpltCallback	16	static
stm32f3xx_hal_uart.c:1798:13:HAL_UART_RxCpltCallback	16	static
stm32f3xx_hal_uart.c:1813:13:HAL_UART_RxHalfCpltCallback	16	static
stm32f3xx_hal_uart.c:1828:13:HAL_UART_ErrorCallback	16	static
stm32f3xx_hal_uart.c:1843:13:HAL_UART_AbortCpltCallback	16	static
stm32f3xx_hal_uart.c:1858:13:HAL_UART_AbortTransmitCpltCallback	16	static
stm32f3xx_hal_uart.c:1873:13:HAL_UART_AbortReceiveCpltCallback	16	static
stm32f3xx_hal_uart.c:1912:19:HAL_MultiProcessor_EnableMuteMode	16	static
stm32f3xx_hal_uart.c:1933:19:HAL_MultiProcessor_DisableMuteMode	16	static
stm32f3xx_hal_uart.c:1954:6:HAL_MultiProcessor_EnterMuteMode	16	static
stm32f3xx_hal_uart.c:1964:19:HAL_HalfDuplex_EnableTransmitter	16	static
stm32f3xx_hal_uart.c:1988:19:HAL_HalfDuplex_EnableReceiver	16	static
stm32f3xx_hal_uart.c:2012:19:HAL_LIN_SendBreak	16	static
stm32f3xx_hal_uart.c:2060:23:HAL_UART_GetState	24	static
stm32f3xx_hal_uart.c:2075:10:HAL_UART_GetError	16	static
stm32f3xx_hal_uart.c:2096:19:UART_SetConfig	32	static
stm32f3xx_hal_uart.c:2207:6:UART_AdvFeatureConfig	16	static
stm32f3xx_hal_uart.c:2281:19:UART_CheckIdleState	32	static
stm32f3xx_hal_uart.c:2331:19:UART_WaitOnFlagUntilTimeout	24	static
stm32f3xx_hal_uart.c:2363:13:UART_EndTxTransfer	16	static
stm32f3xx_hal_uart.c:2378:13:UART_EndRxTransfer	16	static
stm32f3xx_hal_uart.c:2394:13:UART_DMATransmitCplt	24	static
stm32f3xx_hal_uart.c:2423:13:UART_DMATxHalfCplt	24	static
stm32f3xx_hal_uart.c:2435:13:UART_DMAReceiveCplt	24	static
stm32f3xx_hal_uart.c:2464:13:UART_DMARxHalfCplt	24	static
stm32f3xx_hal_uart.c:2476:13:UART_DMAError	24	static
stm32f3xx_hal_uart.c:2506:13:UART_DMAAbortOnError	24	static
stm32f3xx_hal_uart.c:2523:13:UART_DMATxAbortCallback	24	static
stm32f3xx_hal_uart.c:2565:13:UART_DMARxAbortCallback	24	static
stm32f3xx_hal_uart.c:2607:13:UART_DMATxOnlyAbortCallback	24	static
stm32f3xx_hal_uart.c:2628:13:UART_DMARxOnlyAbortCallback	24	static
stm32f3xx_hal_uart.c:2651:19:UART_Transmit_IT	24	static
stm32f3xx_hal_uart.c:2697:19:UART_EndTransmit_IT	16	static
stm32f3xx_hal_uart.c:2717:19:UART_Receive_IT	32	static
stm32f3xx_hal_uart.c:2771:6:UART_Wakeup_AddressConfig	24	static
