core_cm4.h:1596:22:NVIC_SetPriorityGrouping	24	static
core_cm4.h:1615:26:NVIC_GetPriorityGrouping	4	static
core_cm4.h:1626:22:NVIC_EnableIRQ	16	static
core_cm4.h:1637:22:NVIC_DisableIRQ	16	static
core_cm4.h:1650:26:NVIC_GetPendingIRQ	16	static
core_cm4.h:1661:22:NVIC_SetPendingIRQ	16	static
core_cm4.h:1672:22:NVIC_ClearPendingIRQ	16	static
core_cm4.h:1685:26:NVIC_GetActive	16	static
core_cm4.h:1698:22:NVIC_SetPriority	16	static
core_cm4.h:1720:26:NVIC_GetPriority	16	static
core_cm4.h:1745:26:NVIC_EncodePriority	40	static
core_cm4.h:1772:22:NVIC_DecodePriority	40	static
core_cm4.h:1790:22:NVIC_SystemReset	4	static,ignoring_inline_asm
core_cm4.h:1830:26:SysTick_Config	16	static
stm32f3xx_hal_cortex.c:185:6:HAL_NVIC_SetPriorityGrouping	16	static
stm32f3xx_hal_cortex.c:207:6:HAL_NVIC_SetPriority	32	static
stm32f3xx_hal_cortex.c:229:6:HAL_NVIC_EnableIRQ	16	static
stm32f3xx_hal_cortex.c:245:6:HAL_NVIC_DisableIRQ	16	static
stm32f3xx_hal_cortex.c:258:6:HAL_NVIC_SystemReset	8	static
stm32f3xx_hal_cortex.c:271:10:HAL_SYSTICK_Config	16	static
stm32f3xx_hal_cortex.c:380:10:HAL_NVIC_GetPriorityGrouping	8	static
stm32f3xx_hal_cortex.c:407:6:HAL_NVIC_GetPriority	24	static
stm32f3xx_hal_cortex.c:422:6:HAL_NVIC_SetPendingIRQ	16	static
stm32f3xx_hal_cortex.c:437:10:HAL_NVIC_GetPendingIRQ	16	static
stm32f3xx_hal_cortex.c:450:6:HAL_NVIC_ClearPendingIRQ	16	static
stm32f3xx_hal_cortex.c:464:10:HAL_NVIC_GetActive	16	static
stm32f3xx_hal_cortex.c:478:6:HAL_SYSTICK_CLKSourceConfig	16	static
stm32f3xx_hal_cortex.c:496:6:HAL_SYSTICK_IRQHandler	8	static
stm32f3xx_hal_cortex.c:505:13:HAL_SYSTICK_Callback	4	static
