stm32f3xx_hal_dac.c:279:19:HAL_DAC_Init	16	static
stm32f3xx_hal_dac.c:317:19:HAL_DAC_DeInit	16	static
stm32f3xx_hal_dac.c:353:13:HAL_DAC_MspInit	16	static
stm32f3xx_hal_dac.c:369:13:HAL_DAC_MspDeInit	16	static
stm32f3xx_hal_dac.c:413:26:HAL_DAC_Start	16	static
stm32f3xx_hal_dac.c:437:19:HAL_DAC_Stop	16	static
stm32f3xx_hal_dac.c:463:19:HAL_DAC_Stop_DMA	24	static
stm32f3xx_hal_dac.c:530:17:HAL_DAC_GetValue	16	static
stm32f3xx_hal_dac.c:549:17:HAL_DACEx_DualGetValue	16	static
stm32f3xx_hal_dac.c:596:26:HAL_DAC_ConfigChannel	24	static
stm32f3xx_hal_dac.c:607:26:HAL_DAC_SetValue	24	static
stm32f3xx_hal_dac.c:622:26:HAL_DACEx_DualSetValue	24	static
stm32f3xx_hal_dac.c:664:22:HAL_DAC_GetState	16	static
stm32f3xx_hal_dac.c:676:10:HAL_DAC_GetError	16	static
stm32f3xx_hal_dac.c:695:13:HAL_DAC_ConvCpltCallbackCh1	16	static
stm32f3xx_hal_dac.c:711:13:HAL_DAC_ConvHalfCpltCallbackCh1	16	static
stm32f3xx_hal_dac.c:727:13:HAL_DAC_ErrorCallbackCh1	16	static
stm32f3xx_hal_dac.c:744:13:HAL_DAC_DMAUnderrunCallbackCh1	16	static
