stm32f3xx_hal_rcc.c:232:19:HAL_RCC_DeInit	24	static,ignoring_inline_asm
stm32f3xx_hal_rcc.c:332:19:HAL_RCC_OscConfig	520	static,ignoring_inline_asm
stm32f3xx_hal_rcc.c:687:19:HAL_RCC_ClockConfig	128	static,ignoring_inline_asm
stm32f3xx_hal_rcc.c:879:6:HAL_RCC_MCOConfig	48	static
stm32f3xx_hal_rcc.c:913:6:HAL_RCC_EnableCSS	16	static,ignoring_inline_asm
stm32f3xx_hal_rcc.c:922:6:HAL_RCC_DisableCSS	16	static,ignoring_inline_asm
stm32f3xx_hal_rcc.c:956:10:HAL_RCC_GetSysClockFreq	48	static,ignoring_inline_asm
stm32f3xx_hal_rcc.c:1020:10:HAL_RCC_GetHCLKFreq	4	static
stm32f3xx_hal_rcc.c:1031:10:HAL_RCC_GetPCLK1Freq	16	static,ignoring_inline_asm
stm32f3xx_hal_rcc.c:1043:10:HAL_RCC_GetPCLK2Freq	16	static,ignoring_inline_asm
stm32f3xx_hal_rcc.c:1056:6:HAL_RCC_GetOscConfig	24	static,ignoring_inline_asm
stm32f3xx_hal_rcc.c:1144:6:HAL_RCC_GetClockConfig	16	static
stm32f3xx_hal_rcc.c:1174:6:HAL_RCC_NMI_IRQHandler	8	static
stm32f3xx_hal_rcc.c:1191:13:HAL_RCC_CSSCallback	4	static
