stm32f3xx_hal_adc_ex.c:250:19:HAL_ADC_Init	120	static
stm32f3xx_hal_adc_ex.c:788:19:HAL_ADC_DeInit	112	static
stm32f3xx_hal_adc_ex.c:1203:19:HAL_ADC_Start	24	static
stm32f3xx_hal_adc_ex.c:1409:19:HAL_ADC_Stop	24	static
stm32f3xx_hal_adc_ex.c:1514:19:HAL_ADC_PollForConversion	32	static
stm32f3xx_hal_adc_ex.c:1817:19:HAL_ADC_PollForEvent	32	static
stm32f3xx_hal_adc_ex.c:1995:19:HAL_ADC_Start_IT	24	static
stm32f3xx_hal_adc_ex.c:2232:19:HAL_ADC_Stop_IT	24	static
stm32f3xx_hal_adc_ex.c:2338:19:HAL_ADC_Start_DMA	32	static
stm32f3xx_hal_adc_ex.c:2609:19:HAL_ADC_Stop_DMA	24	static
stm32f3xx_hal_adc_ex.c:2759:10:HAL_ADC_GetValue	16	static
stm32f3xx_hal_adc_ex.c:2817:6:HAL_ADC_IRQHandler	32	static
stm32f3xx_hal_adc_ex.c:3244:19:HAL_ADCEx_Calibration_Start	24	static
stm32f3xx_hal_adc_ex.c:3433:10:HAL_ADCEx_Calibration_GetValue	16	static
stm32f3xx_hal_adc_ex.c:3468:19:HAL_ADCEx_Calibration_SetValue	32	static
stm32f3xx_hal_adc_ex.c:3533:19:HAL_ADCEx_InjectedStart	24	static
stm32f3xx_hal_adc_ex.c:3721:19:HAL_ADCEx_InjectedStop	24	static
stm32f3xx_hal_adc_ex.c:3864:19:HAL_ADCEx_InjectedPollForConversion	32	static
stm32f3xx_hal_adc_ex.c:4091:19:HAL_ADCEx_InjectedStart_IT	24	static
stm32f3xx_hal_adc_ex.c:4311:19:HAL_ADCEx_InjectedStop_IT	24	static
stm32f3xx_hal_adc_ex.c:4471:19:HAL_ADCEx_MultiModeStart_DMA	120	static
stm32f3xx_hal_adc_ex.c:4611:19:HAL_ADCEx_MultiModeStop_DMA	112	static
stm32f3xx_hal_adc_ex.c:4731:10:HAL_ADCEx_MultiModeGetValue	24	static
stm32f3xx_hal_adc_ex.c:4782:10:HAL_ADCEx_InjectedGetValue	24	static
stm32f3xx_hal_adc_ex.c:4896:19:HAL_ADCEx_RegularStop	24	static
stm32f3xx_hal_adc_ex.c:4970:19:HAL_ADCEx_RegularStop_IT	24	static
stm32f3xx_hal_adc_ex.c:5050:19:HAL_ADCEx_RegularStop_DMA	24	static
stm32f3xx_hal_adc_ex.c:5162:19:HAL_ADCEx_RegularMultiModeStop_DMA	112	static
stm32f3xx_hal_adc_ex.c:5307:13:HAL_ADCEx_InjectedConvCpltCallback	16	static
stm32f3xx_hal_adc_ex.c:5330:13:HAL_ADCEx_InjectedQueueOverflowCallback	16	static
stm32f3xx_hal_adc_ex.c:5346:13:HAL_ADCEx_LevelOutOfWindow2Callback	16	static
stm32f3xx_hal_adc_ex.c:5361:13:HAL_ADCEx_LevelOutOfWindow3Callback	16	static
stm32f3xx_hal_adc_ex.c:5424:19:HAL_ADC_ConfigChannel	120	static
stm32f3xx_hal_adc_ex.c:5890:19:HAL_ADCEx_InjectedConfigChannel	120	static
stm32f3xx_hal_adc_ex.c:6642:19:HAL_ADC_AnalogWDGConfig	40	static
stm32f3xx_hal_adc_ex.c:6927:19:HAL_ADCEx_MultiModeConfigChannel	112	static
stm32f3xx_hal_adc_ex.c:7057:13:ADC_DMAConvCplt	24	static
stm32f3xx_hal_adc_ex.c:7100:13:ADC_DMAHalfConvCplt	24	static
stm32f3xx_hal_adc_ex.c:7114:13:ADC_DMAError	24	static
stm32f3xx_hal_adc_ex.c:7140:26:ADC_Enable	24	static
stm32f3xx_hal_adc_ex.c:7194:26:ADC_Disable	24	static
stm32f3xx_hal_adc_ex.c:7253:26:ADC_ConversionStop	32	static
