stm32f3xx_hal_adc.c:420:26:HAL_ADC_Init	16	static
stm32f3xx_hal_adc.c:451:26:HAL_ADC_DeInit	16	static
stm32f3xx_hal_adc.c:468:13:HAL_ADC_MspInit	16	static
stm32f3xx_hal_adc.c:483:13:HAL_ADC_MspDeInit	16	static
stm32f3xx_hal_adc.c:529:26:HAL_ADC_Start	16	static
stm32f3xx_hal_adc.c:552:26:HAL_ADC_Stop	16	static
stm32f3xx_hal_adc.c:570:26:HAL_ADC_PollForConversion	16	static
stm32f3xx_hal_adc.c:596:26:HAL_ADC_PollForEvent	24	static
stm32f3xx_hal_adc.c:625:26:HAL_ADC_Start_IT	16	static
stm32f3xx_hal_adc.c:652:26:HAL_ADC_Stop_IT	16	static
stm32f3xx_hal_adc.c:680:26:HAL_ADC_Start_DMA	24	static
stm32f3xx_hal_adc.c:707:26:HAL_ADC_Stop_DMA	16	static
stm32f3xx_hal_adc.c:728:17:HAL_ADC_GetValue	16	static
stm32f3xx_hal_adc.c:742:13:HAL_ADC_IRQHandler	16	static
stm32f3xx_hal_adc.c:756:13:HAL_ADC_ConvCpltCallback	16	static
stm32f3xx_hal_adc.c:771:13:HAL_ADC_ConvHalfCpltCallback	16	static
stm32f3xx_hal_adc.c:786:13:HAL_ADC_LevelOutOfWindowCallback	16	static
stm32f3xx_hal_adc.c:802:13:HAL_ADC_ErrorCallback	16	static
stm32f3xx_hal_adc.c:854:26:HAL_ADC_ConfigChannel	16	static
stm32f3xx_hal_adc.c:881:26:HAL_ADC_AnalogWDGConfig	16	static
stm32f3xx_hal_adc.c:925:10:HAL_ADC_GetState	16	static
stm32f3xx_hal_adc.c:939:10:HAL_ADC_GetError	16	static
