stm32_uart.cpp:274:10:virtual void drivers::STM32HardwareUART::disconnect()	0	static
stm32_uart.cpp:279:10:virtual void drivers::STM32HardwareUART::update_baud_rate(uint64_t)	0	static
stm32_uart.cpp:284:9:virtual int drivers::STM32HardwareUART::available() const	0	static
stm32_uart.cpp:290:9:virtual int drivers::STM32HardwareUART::available_for_write() const	0	static
stm32_uart.cpp:295:9:virtual int drivers::STM32HardwareUART::peek() const	0	static
stm32_uart.cpp:323:10:virtual void drivers::STM32HardwareUART::flush()	0	static
stm32_uart.cpp:198:5:drivers::STM32HardwareUART::~STM32HardwareUART()	8	static
stm32_uart.cpp:198:5:virtual drivers::STM32HardwareUART::~STM32HardwareUART()	8	static
stm32_uart.cpp:301:9:virtual int drivers::STM32HardwareUART::read()	8	static
stm32_uart.cpp:356:10:void drivers::STM32HardwareUART::uart_process_cycle()	32	static
stm32_uart.cpp:399:10:void drivers::STM32HardwareUART::Error_Handler() const	8	static
stm32_uart.cpp:202:10:virtual void drivers::STM32HardwareUART::connect(uint64_t, drivers::UARTSignalWordLength, drivers::UARTSignalStopBits, drivers::UARTSignalFlowControl, bool)	16	static
stm32_uart.cpp:327:12:virtual size_t drivers::STM32HardwareUART::write(const uint8_t*, size_t)	16	static
stl_tree.h:1850:5:void std::_Rb_tree<_Key, _Val, _KeyOfValue, _Compare, _Alloc>::_M_erase(std::_Rb_tree<_Key, _Val, _KeyOfValue, _Compare, _Alloc>::_Link_type) [with _Key = const UART_HandleTypeDef*; _Val = std::pair<const UART_HandleTypeDef* const, drivers::STM32HardwareUART*>; _KeyOfValue = std::_Select1st<std::pair<const UART_HandleTypeDef* const, drivers::STM32HardwareUART*> >; _Compare = std::less<const UART_HandleTypeDef*>; _Alloc = std::allocator<std::pair<const UART_HandleTypeDef* const, drivers::STM32HardwareUART*> >]	16	static
stl_tree.h:1850:5:void std::_Rb_tree<_Key, _Val, _KeyOfValue, _Compare, _Alloc>::_M_erase(std::_Rb_tree<_Key, _Val, _KeyOfValue, _Compare, _Alloc>::_Link_type) [with _Key = const long int; _Val = std::pair<const long int, drivers::STM32HardwareUART*>; _KeyOfValue = std::_Select1st<std::pair<const long int, drivers::STM32HardwareUART*> >; _Compare = std::less<const long int>; _Alloc = std::allocator<std::pair<const long int, drivers::STM32HardwareUART*> >]	16	static
stm32_uart.cpp:514:1:void __static_initialization_and_destruction_0(int, int)	8	static
stl_tree.h:2028:5:std::pair<std::_Rb_tree_node_base*, std::_Rb_tree_node_base*> std::_Rb_tree<_Key, _Val, _KeyOfValue, _Compare, _Alloc>::_M_get_insert_unique_pos(const key_type&) [with _Key = const UART_HandleTypeDef*; _Val = std::pair<const UART_HandleTypeDef* const, drivers::STM32HardwareUART*>; _KeyOfValue = std::_Select1st<std::pair<const UART_HandleTypeDef* const, drivers::STM32HardwareUART*> >; _Compare = std::less<const UART_HandleTypeDef*>; _Alloc = std::allocator<std::pair<const UART_HandleTypeDef* const, drivers::STM32HardwareUART*> >]	24	static
stl_tree.h:2297:5:std::_Rb_tree<_Key, _Val, _KeyOfValue, _Compare, _Alloc>::iterator std::_Rb_tree<_Key, _Val, _KeyOfValue, _Compare, _Alloc>::_M_insert_node(std::_Rb_tree<_Key, _Val, _KeyOfValue, _Compare, _Alloc>::_Base_ptr, std::_Rb_tree<_Key, _Val, _KeyOfValue, _Compare, _Alloc>::_Base_ptr, std::_Rb_tree<_Key, _Val, _KeyOfValue, _Compare, _Alloc>::_Link_type) [with _Key = const UART_HandleTypeDef*; _Val = std::pair<const UART_HandleTypeDef* const, drivers::STM32HardwareUART*>; _KeyOfValue = std::_Select1st<std::pair<const UART_HandleTypeDef* const, drivers::STM32HardwareUART*> >; _Compare = std::less<const UART_HandleTypeDef*>; _Alloc = std::allocator<std::pair<const UART_HandleTypeDef* const, drivers::STM32HardwareUART*> >]	16	static
stl_tree.h:2348:7:) [with _Args = {UART_HandleTypeDef*, drivers::STM32HardwareUART*}; _Key = const UART_HandleTypeDef*; _Val = std::pair<const UART_HandleTypeDef* const, drivers::STM32HardwareUART*>; _KeyOfValue = std::_Select1st<std::pair<const UART_HandleTypeDef* const, drivers::STM32HardwareUART*> >; _Compare = std::less<const UART_HandleTypeDef*>; _Alloc = std::allocator<std::pair<const UART_HandleTypeDef* const, drivers::STM32HardwareUART*> >]	32	static
stl_tree.h:2028:5:std::pair<std::_Rb_tree_node_base*, std::_Rb_tree_node_base*> std::_Rb_tree<_Key, _Val, _KeyOfValue, _Compare, _Alloc>::_M_get_insert_unique_pos(const key_type&) [with _Key = const long int; _Val = std::pair<const long int, drivers::STM32HardwareUART*>; _KeyOfValue = std::_Select1st<std::pair<const long int, drivers::STM32HardwareUART*> >; _Compare = std::less<const long int>; _Alloc = std::allocator<std::pair<const long int, drivers::STM32HardwareUART*> >]	24	static
stl_tree.h:2297:5:std::_Rb_tree<_Key, _Val, _KeyOfValue, _Compare, _Alloc>::iterator std::_Rb_tree<_Key, _Val, _KeyOfValue, _Compare, _Alloc>::_M_insert_node(std::_Rb_tree<_Key, _Val, _KeyOfValue, _Compare, _Alloc>::_Base_ptr, std::_Rb_tree<_Key, _Val, _KeyOfValue, _Compare, _Alloc>::_Base_ptr, std::_Rb_tree<_Key, _Val, _KeyOfValue, _Compare, _Alloc>::_Link_type) [with _Key = const long int; _Val = std::pair<const long int, drivers::STM32HardwareUART*>; _KeyOfValue = std::_Select1st<std::pair<const long int, drivers::STM32HardwareUART*> >; _Compare = std::less<const long int>; _Alloc = std::allocator<std::pair<const long int, drivers::STM32HardwareUART*> >]	16	static
stl_tree.h:2348:7:) [with _Args = {int, drivers::STM32HardwareUART*}; _Key = const long int; _Val = std::pair<const long int, drivers::STM32HardwareUART*>; _KeyOfValue = std::_Select1st<std::pair<const long int, drivers::STM32HardwareUART*> >; _Compare = std::less<const long int>; _Alloc = std::allocator<std::pair<const long int, drivers::STM32HardwareUART*> >]	32	static
stl_tree.h:2130:5:std::pair<std::_Rb_tree_node_base*, std::_Rb_tree_node_base*> std::_Rb_tree<_Key, _Val, _KeyOfValue, _Compare, _Alloc>::_M_get_insert_hint_unique_pos(std::_Rb_tree<_Key, _Val, _KeyOfValue, _Compare, _Alloc>::const_iterator, const key_type&) [with _Key = const long int; _Val = std::pair<const long int, drivers::STM32HardwareUART*>; _KeyOfValue = std::_Select1st<std::pair<const long int, drivers::STM32HardwareUART*> >; _Compare = std::less<const long int>; _Alloc = std::allocator<std::pair<const long int, drivers::STM32HardwareUART*> >]	24	static
stl_tree.h:2395:7:) [with _Args = {const std::piecewise_construct_t&, std::tuple<const long int&&>, std::tuple<>}; _Key = const long int; _Val = std::pair<const long int, drivers::STM32HardwareUART*>; _KeyOfValue = std::_Select1st<std::pair<const long int, drivers::STM32HardwareUART*> >; _Compare = std::less<const long int>; _Alloc = std::allocator<std::pair<const long int, drivers::STM32HardwareUART*> >]	32	static
stl_tree.h:2130:5:std::pair<std::_Rb_tree_node_base*, std::_Rb_tree_node_base*> std::_Rb_tree<_Key, _Val, _KeyOfValue, _Compare, _Alloc>::_M_get_insert_hint_unique_pos(std::_Rb_tree<_Key, _Val, _KeyOfValue, _Compare, _Alloc>::const_iterator, const key_type&) [with _Key = const UART_HandleTypeDef*; _Val = std::pair<const UART_HandleTypeDef* const, drivers::STM32HardwareUART*>; _KeyOfValue = std::_Select1st<std::pair<const UART_HandleTypeDef* const, drivers::STM32HardwareUART*> >; _Compare = std::less<const UART_HandleTypeDef*>; _Alloc = std::allocator<std::pair<const UART_HandleTypeDef* const, drivers::STM32HardwareUART*> >]	24	static
stl_tree.h:2395:7:) [with _Args = {const std::piecewise_construct_t&, std::tuple<const UART_HandleTypeDef*&&>, std::tuple<>}; _Key = const UART_HandleTypeDef*; _Val = std::pair<const UART_HandleTypeDef* const, drivers::STM32HardwareUART*>; _KeyOfValue = std::_Select1st<std::pair<const UART_HandleTypeDef* const, drivers::STM32HardwareUART*> >; _Compare = std::less<const UART_HandleTypeDef*>; _Alloc = std::allocator<std::pair<const UART_HandleTypeDef* const, drivers::STM32HardwareUART*> >]	32	static
stl_tree.h:1867:5:std::_Rb_tree<_Key, _Val, _KeyOfValue, _Compare, _Alloc>::iterator std::_Rb_tree<_Key, _Val, _KeyOfValue, _Compare, _Alloc>::_M_lower_bound(std::_Rb_tree<_Key, _Val, _KeyOfValue, _Compare, _Alloc>::_Link_type, std::_Rb_tree<_Key, _Val, _KeyOfValue, _Compare, _Alloc>::_Base_ptr, const _Key&) [with _Key = const long int; _Val = std::pair<const long int, drivers::STM32HardwareUART*>; _KeyOfValue = std::_Select1st<std::pair<const long int, drivers::STM32HardwareUART*> >; _Compare = std::less<const long int>; _Alloc = std::allocator<std::pair<const long int, drivers::STM32HardwareUART*> >]	8	static
stl_tree.h:2520:5:std::_Rb_tree<_Key, _Val, _KeyOfValue, _Compare, _Alloc>::iterator std::_Rb_tree<_Key, _Val, _KeyOfValue, _Compare, _Alloc>::find(const _Key&) [with _Key = const long int; _Val = std::pair<const long int, drivers::STM32HardwareUART*>; _KeyOfValue = std::_Select1st<std::pair<const long int, drivers::STM32HardwareUART*> >; _Compare = std::less<const long int>; _Alloc = std::allocator<std::pair<const long int, drivers::STM32HardwareUART*> >]	16	static
stm32_uart.cpp:32:5:drivers::STM32HardwareUART::STM32HardwareUART(GPIO_TypeDef*, uint16_t, GPIO_TypeDef*, uint16_t)	120	static
stm32_uart.cpp:502:10:void USART1_IRQHandler()	32	static
stm32_uart.cpp:507:10:void USART2_IRQHandler()	32	static
stl_tree.h:1867:5:std::_Rb_tree<_Key, _Val, _KeyOfValue, _Compare, _Alloc>::iterator std::_Rb_tree<_Key, _Val, _KeyOfValue, _Compare, _Alloc>::_M_lower_bound(std::_Rb_tree<_Key, _Val, _KeyOfValue, _Compare, _Alloc>::_Link_type, std::_Rb_tree<_Key, _Val, _KeyOfValue, _Compare, _Alloc>::_Base_ptr, const _Key&) [with _Key = const UART_HandleTypeDef*; _Val = std::pair<const UART_HandleTypeDef* const, drivers::STM32HardwareUART*>; _KeyOfValue = std::_Select1st<std::pair<const UART_HandleTypeDef* const, drivers::STM32HardwareUART*> >; _Compare = std::less<const UART_HandleTypeDef*>; _Alloc = std::allocator<std::pair<const UART_HandleTypeDef* const, drivers::STM32HardwareUART*> >]	8	static
stm32_uart.cpp:491:10:void HAL_UART_RxCpltCallback(UART_HandleTypeDef*)	32	static
stm32_uart.cpp:473:10:void HAL_UART_TxCpltCallback(UART_HandleTypeDef*)	32	static
stm32_uart.cpp:514:1:cpp)	8	static
stm32_uart.cpp:514:1:cpp)	8	static
