atomic_base.h:80:3:constexpr std::memory_order std::operator&(std::memory_order, std::__memory_order_modifier)	16	static
atomic:78:5:bool std::atomic<bool>::operator=(bool)	16	static
atomic:85:5:std::atomic<bool>::operator bool() const	24	static
gthr-default.h:229:1:int __gthread_key_delete(__gthread_key_t)	16	static
chrono:340:2:constexpr std::chrono::duration<_Rep, _Period>::rep std::chrono::duration<_Rep, _Period>::count() const [with _Rep = long long int; _Period = std::ratio<1, 1000>]	16	static
ex_thread.cpp:16:7:void std_ex::sleep_for(std::chrono::milliseconds)	24	static
ex_thread.cpp:84:2:std_ex::thread::~thread()	16	static
ex_thread.cpp:92:7:void std_ex::thread::detach()	16	static
chrono:325:23:constexpr std::chrono::duration<_Rep, _Period>::duration(const _Rep2&) [with _Rep2 = int; <template-parameter-2-2> = void; _Rep = long long int; _Period = std::ratio<1, 1000>]	16	static
ex_thread.cpp:96:7:void std_ex::thread::join()	32	static
ex_thread.cpp:104:5:std_ex::thread::_State::~_State()	16	static
ex_thread.cpp:104:5:virtual std_ex::thread::_State::~_State()	16	static
ex_thread.cpp:127:33:std_ex::thread::_M_start_thread(std_ex::thread::_State_ptr)::<lambda(void*)>	16	static
ex_thread.cpp:127:33:static void std_ex::thread::_M_start_thread(std_ex::thread::_State_ptr)::<lambda(void*)>::_FUN(void*)	16	static
ex_thread.cpp:127:33:std_ex::thread::_M_start_thread(std_ex::thread::_State_ptr)::<lambda(void*)>::operator void (*)(void*)() const	16	static
ex_thread.cpp:112:10:void std_ex::thread::_M_start_thread(std_ex::thread::_State_ptr)	32	static
atomic_base.h:265:7:std::__atomic_base<_IntTp>::__int_type std::__atomic_base<_IntTp>::operator=(std::__atomic_base<_IntTp>::__int_type) [with _ITp = bool]	24	static
